[0/1] Planning build
Building for debugging...
[0/9] Write sources
[1/9] Write swift-version--58304C5D6DBC2206.txt
[3/10] Emitting module OracleOS
/Users/dawsonblock/Downloads/Oracle-OS-main/Sources/OracleOS/Code/Execution/WorkspaceRunner.swift:34:33: warning: use of protocol 'ProcessAdapter' as a type must be written 'any ProcessAdapter'; this will be an error in a future Swift language mode [#ExistentialAny]
 32 | 
 33 | public final class WorkspaceRunner: @unchecked Sendable {
 34 |     private let processAdapter: ProcessAdapter
    |                                 `- warning: use of protocol 'ProcessAdapter' as a type must be written 'any ProcessAdapter'; this will be an error in a future Swift language mode [#ExistentialAny]
 35 | 
 36 |     public init(processAdapter: ProcessAdapter = DefaultProcessAdapter()) {

/Users/dawsonblock/Downloads/Oracle-OS-main/Sources/OracleOS/Code/Execution/WorkspaceRunner.swift:36:33: warning: use of protocol 'ProcessAdapter' as a type must be written 'any ProcessAdapter'; this will be an error in a future Swift language mode [#ExistentialAny]
 34 |     private let processAdapter: ProcessAdapter
 35 | 
 36 |     public init(processAdapter: ProcessAdapter = DefaultProcessAdapter()) {
    |                                 `- warning: use of protocol 'ProcessAdapter' as a type must be written 'any ProcessAdapter'; this will be an error in a future Swift language mode [#ExistentialAny]
 37 |         self.processAdapter = processAdapter
 38 |     }

/Users/dawsonblock/Downloads/Oracle-OS-main/Sources/OracleOS/Code/Intelligence/RepositoryIndexer.swift:4:33: warning: use of protocol 'ProcessAdapter' as a type must be written 'any ProcessAdapter'; this will be an error in a future Swift language mode [#ExistentialAny]
  2 | 
  3 | public final class RepositoryIndexer: @unchecked Sendable {
  4 |     private let processAdapter: ProcessAdapter
    |                                 `- warning: use of protocol 'ProcessAdapter' as a type must be written 'any ProcessAdapter'; this will be an error in a future Swift language mode [#ExistentialAny]
  5 | 
  6 |     private struct ParsedFile {

/Users/dawsonblock/Downloads/Oracle-OS-main/Sources/OracleOS/Code/Intelligence/RepositoryIndexer.swift:18:33: warning: use of protocol 'ProcessAdapter' as a type must be written 'any ProcessAdapter'; this will be an error in a future Swift language mode [#ExistentialAny]
 16 |     }
 17 | 
 18 |     public init(processAdapter: ProcessAdapter = DefaultProcessAdapter()) {
    |                                 `- warning: use of protocol 'ProcessAdapter' as a type must be written 'any ProcessAdapter'; this will be an error in a future Swift language mode [#ExistentialAny]
 19 |         self.processAdapter = processAdapter
 20 |     }

/Users/dawsonblock/Downloads/Oracle-OS-main/Sources/OracleOS/Events/CommitCoordinator.swift:6:29: warning: use of protocol 'EventStore' as a type must be written 'any EventStore'; this will be an error in a future Swift language mode [#ExistentialAny]
  4 | /// INVARIANT: No state write may bypass CommitCoordinator.
  5 | public actor CommitCoordinator {
  6 |     private let eventStore: EventStore
    |                             `- warning: use of protocol 'EventStore' as a type must be written 'any EventStore'; this will be an error in a future Swift language mode [#ExistentialAny]
  7 |     private let reducers: [any EventReducer]
  8 |     private let wal: CommitWAL?

/Users/dawsonblock/Downloads/Oracle-OS-main/Sources/OracleOS/Events/CommitCoordinator.swift:14:43: warning: use of protocol 'Error' as a type must be written 'any Error'; this will be an error in a future Swift language mode [#ExistentialAny]
 12 |     private enum RecoveryState {
 13 |         case notStarted
 14 |         case running(Task<RecoveryReport, Error>)
    |                                           `- warning: use of protocol 'Error' as a type must be written 'any Error'; this will be an error in a future Swift language mode [#ExistentialAny]
 15 |         case completed(RecoveryReport)
 16 |     }

/Users/dawsonblock/Downloads/Oracle-OS-main/Sources/OracleOS/Events/CommitCoordinator.swift:20:21: warning: use of protocol 'EventStore' as a type must be written 'any EventStore'; this will be an error in a future Swift language mode [#ExistentialAny]
 18 | 
 19 |     public init(
 20 |         eventStore: EventStore,
    |                     `- warning: use of protocol 'EventStore' as a type must be written 'any EventStore'; this will be an error in a future Swift language mode [#ExistentialAny]
 21 |         reducers: [any EventReducer],
 22 |         wal: CommitWAL? = nil,

/Users/dawsonblock/Downloads/Oracle-OS-main/Sources/OracleOS/Execution/VerifiedExecutor.swift:21:32: warning: use of protocol 'WorldStateProviding' as a type must be written 'any WorldStateProviding'; this will be an error in a future Swift language mode [#ExistentialAny]
 19 |     private let preconditionsValidator: PreconditionsValidator
 20 |     private let postconditionsValidator: PostconditionsValidator
 21 |     private let stateProvider: WorldStateProviding?
    |                                `- warning: use of protocol 'WorldStateProviding' as a type must be written 'any WorldStateProviding'; this will be an error in a future Swift language mode [#ExistentialAny]
 22 | 
 23 |     public init(

/Users/dawsonblock/Downloads/Oracle-OS-main/Sources/OracleOS/Execution/VerifiedExecutor.swift:28:24: warning: use of protocol 'WorldStateProviding' as a type must be written 'any WorldStateProviding'; this will be an error in a future Swift language mode [#ExistentialAny]
 26 |         preconditionsValidator: PreconditionsValidator,
 27 |         postconditionsValidator: PostconditionsValidator,
 28 |         stateProvider: WorldStateProviding? = nil
    |                        `- warning: use of protocol 'WorldStateProviding' as a type must be written 'any WorldStateProviding'; this will be an error in a future Swift language mode [#ExistentialAny]
 29 |     ) {
 30 |         self.policyEngine = policyEngine

/Users/dawsonblock/Downloads/Oracle-OS-main/Sources/OracleOS/Memory/EventMemory.swift:4:29: warning: use of protocol 'EventStore' as a type must be written 'any EventStore'; this will be an error in a future Swift language mode [#ExistentialAny]
 2 | /// Memory derived from event history — read-only.
 3 | public actor EventMemory {
 4 |     private let eventStore: EventStore
   |                             `- warning: use of protocol 'EventStore' as a type must be written 'any EventStore'; this will be an error in a future Swift language mode [#ExistentialAny]
 5 |     public init(eventStore: EventStore) { self.eventStore = eventStore }
 6 |     public func query(pattern: String) async -> [MemoryCandidate] {

/Users/dawsonblock/Downloads/Oracle-OS-main/Sources/OracleOS/Memory/EventMemory.swift:5:29: warning: use of protocol 'EventStore' as a type must be written 'any EventStore'; this will be an error in a future Swift language mode [#ExistentialAny]
 3 | public actor EventMemory {
 4 |     private let eventStore: EventStore
 5 |     public init(eventStore: EventStore) { self.eventStore = eventStore }
   |                             `- warning: use of protocol 'EventStore' as a type must be written 'any EventStore'; this will be an error in a future Swift language mode [#ExistentialAny]
 6 |     public func query(pattern: String) async -> [MemoryCandidate] {
 7 |         let events = (try? await eventStore.all()) ?? []

/Users/dawsonblock/Downloads/Oracle-OS-main/Sources/OracleOS/Observability/EventReplay.swift:6:29: warning: use of protocol 'EventStore' as a type must be written 'any EventStore'; this will be an error in a future Swift language mode [#ExistentialAny]
 4 | /// Traces derive from event history and execution outcomes — not scattered manual logs.
 5 | public struct EventReplay {
 6 |     private let eventStore: EventStore
   |                             `- warning: use of protocol 'EventStore' as a type must be written 'any EventStore'; this will be an error in a future Swift language mode [#ExistentialAny]
 7 | 
 8 |     public init(eventStore: EventStore) {

/Users/dawsonblock/Downloads/Oracle-OS-main/Sources/OracleOS/Observability/EventReplay.swift:8:29: warning: use of protocol 'EventStore' as a type must be written 'any EventStore'; this will be an error in a future Swift language mode [#ExistentialAny]
 6 |     private let eventStore: EventStore
 7 | 
 8 |     public init(eventStore: EventStore) {
   |                             `- warning: use of protocol 'EventStore' as a type must be written 'any EventStore'; this will be an error in a future Swift language mode [#ExistentialAny]
 9 |         self.eventStore = eventStore
10 |     }

[#ExistentialAny]: <https://docs.swift.org/compiler/documentation/diagnostics/existential-any>
[4/17] Emitting module oracle
[5/15] Emitting module OracleControllerHost
[6/13] Compiling OracleOSTests TransitionalArtifactRemovalTests.swift
[7/13] Compiling OracleOSTests ExecutionBoundaryEnforcementTests.swift
[8/13] Emitting module OracleController
[9/11] Emitting module OracleOSTests
[9/11] Write Objects.LinkFileList
[10/11] Linking OracleOSPackageTests
Build complete! (7.72s)
Test Suite 'All tests' started at 2026-03-30 16:11:09.122.
Test Suite 'OracleOSPackageTests.xctest' started at 2026-03-30 16:11:09.124.
Test Suite 'CommitDurabilityTests' started at 2026-03-30 16:11:09.124.
Test Case '-[OracleOSTests.CommitDurabilityTests testCommitCoordinatorIsOnlyStateMutator]' started.
Test Case '-[OracleOSTests.CommitDurabilityTests testCommitCoordinatorIsOnlyStateMutator]' passed (0.002 seconds).
Test Case '-[OracleOSTests.CommitDurabilityTests testCommitCoordinatorRecoveryIsIdempotent]' started.
Test Case '-[OracleOSTests.CommitDurabilityTests testCommitCoordinatorRecoveryIsIdempotent]' passed (0.000 seconds).
Test Case '-[OracleOSTests.CommitDurabilityTests testCommitReceiptProvesDurability]' started.
Test Case '-[OracleOSTests.CommitDurabilityTests testCommitReceiptProvesDurability]' passed (0.000 seconds).
Test Case '-[OracleOSTests.CommitDurabilityTests testDeterministicEventOrdering]' started.
Test Case '-[OracleOSTests.CommitDurabilityTests testDeterministicEventOrdering]' passed (0.001 seconds).
Test Case '-[OracleOSTests.CommitDurabilityTests testEventEnvelopeIsImmutable]' started.
Test Case '-[OracleOSTests.CommitDurabilityTests testEventEnvelopeIsImmutable]' passed (0.000 seconds).
Test Case '-[OracleOSTests.CommitDurabilityTests testWALEnforcesFsyncOnWrite]' started.
Test Case '-[OracleOSTests.CommitDurabilityTests testWALEnforcesFsyncOnWrite]' passed (0.002 seconds).
Test Suite 'CommitDurabilityTests' passed at 2026-03-30 16:11:09.130.
	 Executed 6 tests, with 0 failures (0 unexpected) in 0.005 (0.006) seconds
Test Suite 'ControllerBoundaryTests' started at 2026-03-30 16:11:09.130.
Test Case '-[OracleOSTests.ControllerBoundaryTests test_api_types_are_in_api_module]' started.
Test Case '-[OracleOSTests.ControllerBoundaryTests test_api_types_are_in_api_module]' passed (0.001 seconds).
Test Case '-[OracleOSTests.ControllerBoundaryTests test_controller_host_does_not_call_executor_directly]' started.
Test Case '-[OracleOSTests.ControllerBoundaryTests test_controller_host_does_not_call_executor_directly]' passed (0.003 seconds).
Test Case '-[OracleOSTests.ControllerBoundaryTests test_controller_host_does_not_call_planners_directly]' started.
Test Case '-[OracleOSTests.ControllerBoundaryTests test_controller_host_does_not_call_planners_directly]' passed (0.001 seconds).
Test Case '-[OracleOSTests.ControllerBoundaryTests test_controller_host_does_not_commit_events_directly]' started.
Test Case '-[OracleOSTests.ControllerBoundaryTests test_controller_host_does_not_commit_events_directly]' passed (0.001 seconds).
Test Case '-[OracleOSTests.ControllerBoundaryTests test_intent_api_has_required_methods]' started.
Test Case '-[OracleOSTests.ControllerBoundaryTests test_intent_api_has_required_methods]' passed (0.000 seconds).
Test Case '-[OracleOSTests.ControllerBoundaryTests test_runtime_orchestrator_conforms_to_intent_api]' started.
Test Case '-[OracleOSTests.ControllerBoundaryTests test_runtime_orchestrator_conforms_to_intent_api]' passed (0.007 seconds).
Test Suite 'ControllerBoundaryTests' passed at 2026-03-30 16:11:09.144.
	 Executed 6 tests, with 0 failures (0 unexpected) in 0.014 (0.014) seconds
Test Suite 'EventHistoryInvariantTests' started at 2026-03-30 16:11:09.144.
Test Case '-[OracleOSTests.EventHistoryInvariantTests test_commit_coordinator_appends_events_then_applies_reducers]' started.
Test Case '-[OracleOSTests.EventHistoryInvariantTests test_commit_coordinator_appends_events_then_applies_reducers]' passed (0.000 seconds).
Test Case '-[OracleOSTests.EventHistoryInvariantTests test_commit_coordinator_assigns_sequence_numbers]' started.
Test Case '-[OracleOSTests.EventHistoryInvariantTests test_commit_coordinator_assigns_sequence_numbers]' passed (0.000 seconds).
Test Case '-[OracleOSTests.EventHistoryInvariantTests test_commit_coordinator_empty_commit_is_noop]' started.
Test Case '-[OracleOSTests.EventHistoryInvariantTests test_commit_coordinator_empty_commit_is_noop]' passed (0.001 seconds).
Test Case '-[OracleOSTests.EventHistoryInvariantTests test_event_store_filter_by_command_id]' started.
Test Case '-[OracleOSTests.EventHistoryInvariantTests test_event_store_filter_by_command_id]' passed (0.000 seconds).
Test Case '-[OracleOSTests.EventHistoryInvariantTests test_event_store_is_append_only]' started.
Test Case '-[OracleOSTests.EventHistoryInvariantTests test_event_store_is_append_only]' passed (0.000 seconds).
Test Case '-[OracleOSTests.EventHistoryInvariantTests test_event_store_sequence_numbers_monotonically_increase]' started.
Test Case '-[OracleOSTests.EventHistoryInvariantTests test_event_store_sequence_numbers_monotonically_increase]' passed (0.000 seconds).
Test Case '-[OracleOSTests.EventHistoryInvariantTests test_snapshot_requires_event_ancestry]' started.
Test Case '-[OracleOSTests.EventHistoryInvariantTests test_snapshot_requires_event_ancestry]' passed (0.000 seconds).
Test Case '-[OracleOSTests.EventHistoryInvariantTests test_snapshot_without_ancestry_is_invalid_in_production_flow]' started.
Test Case '-[OracleOSTests.EventHistoryInvariantTests test_snapshot_without_ancestry_is_invalid_in_production_flow]' passed (0.000 seconds).
Test Suite 'EventHistoryInvariantTests' passed at 2026-03-30 16:11:09.147.
	 Executed 8 tests, with 0 failures (0 unexpected) in 0.002 (0.002) seconds
Test Suite 'EventReplayTests' started at 2026-03-30 16:11:09.147.
Test Case '-[OracleOSTests.EventReplayTests test_event_replay_builds_timeline]' started.
Test Case '-[OracleOSTests.EventReplayTests test_event_replay_builds_timeline]' passed (0.000 seconds).
Test Case '-[OracleOSTests.EventReplayTests test_event_replay_produces_deterministic_state]' started.
Test Case '-[OracleOSTests.EventReplayTests test_event_replay_produces_deterministic_state]' passed (0.000 seconds).
Test Case '-[OracleOSTests.EventReplayTests test_snapshot_reflects_committed_events]' started.
Test Case '-[OracleOSTests.EventReplayTests test_snapshot_reflects_committed_events]' passed (0.000 seconds).
Test Case '-[OracleOSTests.EventReplayTests test_timeline_builder_preserves_event_order]' started.
Test Case '-[OracleOSTests.EventReplayTests test_timeline_builder_preserves_event_order]' passed (0.000 seconds).
Test Suite 'EventReplayTests' passed at 2026-03-30 16:11:09.148.
	 Executed 4 tests, with 0 failures (0 unexpected) in 0.001 (0.001) seconds
Test Suite 'ExecutionBoundaryEnforcementTests' started at 2026-03-30 16:11:09.148.
Test Case '-[OracleOSTests.ExecutionBoundaryEnforcementTests testCommandMustBeTyped]' started.
Test Case '-[OracleOSTests.ExecutionBoundaryEnforcementTests testCommandMustBeTyped]' passed (0.002 seconds).
Test Case '-[OracleOSTests.ExecutionBoundaryEnforcementTests testCommitCoordinatorIsOnlyStateMutator]' started.
Test Case '-[OracleOSTests.ExecutionBoundaryEnforcementTests testCommitCoordinatorIsOnlyStateMutator]' passed (0.000 seconds).
Test Case '-[OracleOSTests.ExecutionBoundaryEnforcementTests testExecutorIsOnlyExecutionPath]' started.
Test Case '-[OracleOSTests.ExecutionBoundaryEnforcementTests testExecutorIsOnlyExecutionPath]' passed (0.000 seconds).
Test Case '-[OracleOSTests.ExecutionBoundaryEnforcementTests testNoShellPayloadInCommandEnum]' started.
Test Case '-[OracleOSTests.ExecutionBoundaryEnforcementTests testNoShellPayloadInCommandEnum]' passed (0.000 seconds).
Test Case '-[OracleOSTests.ExecutionBoundaryEnforcementTests testOnlyRuntimeOrchestratorCallsPlanner]' started.
Test Case '-[OracleOSTests.ExecutionBoundaryEnforcementTests testOnlyRuntimeOrchestratorCallsPlanner]' passed (0.000 seconds).
Test Case '-[OracleOSTests.ExecutionBoundaryEnforcementTests testPolicyIsPayloadTypeBasedNotExecutablePath]' started.
Test Case '-[OracleOSTests.ExecutionBoundaryEnforcementTests testPolicyIsPayloadTypeBasedNotExecutablePath]' passed (0.001 seconds).
Test Case '-[OracleOSTests.ExecutionBoundaryEnforcementTests testRuntimeBootstrapIsOnlyAuthorizedConstructor]' started.
Test Case '-[OracleOSTests.ExecutionBoundaryEnforcementTests testRuntimeBootstrapIsOnlyAuthorizedConstructor]' passed (0.001 seconds).
Test Suite 'ExecutionBoundaryEnforcementTests' passed at 2026-03-30 16:11:09.152.
	 Executed 7 tests, with 0 failures (0 unexpected) in 0.004 (0.004) seconds
Test Suite 'ExecutionBoundaryTests' started at 2026-03-30 16:11:09.152.
Test Case '-[OracleOSTests.ExecutionBoundaryTests testVerifiedExecutorRestrictsCommands]' started.
Test Case '-[OracleOSTests.ExecutionBoundaryTests testVerifiedExecutorRestrictsCommands]' passed (0.006 seconds).
Test Suite 'ExecutionBoundaryTests' passed at 2026-03-30 16:11:09.158.
	 Executed 1 test, with 0 failures (0 unexpected) in 0.006 (0.006) seconds
Test Suite 'LayerImportRulesTests' started at 2026-03-30 16:11:09.158.
Test Case '-[OracleOSTests.LayerImportRulesTests test_api_module_does_not_import_runtime_internals]' started.
Test Case '-[OracleOSTests.LayerImportRulesTests test_api_module_does_not_import_runtime_internals]' passed (0.001 seconds).
Test Case '-[OracleOSTests.LayerImportRulesTests test_execution_cannot_import_planning]' started.
Test Case '-[OracleOSTests.LayerImportRulesTests test_execution_cannot_import_planning]' passed (0.015 seconds).
Test Case '-[OracleOSTests.LayerImportRulesTests test_memory_does_not_import_execution]' started.
Test Case '-[OracleOSTests.LayerImportRulesTests test_memory_does_not_import_execution]' passed (0.001 seconds).
Test Case '-[OracleOSTests.LayerImportRulesTests test_planning_cannot_import_execution_actions]' started.
Test Case '-[OracleOSTests.LayerImportRulesTests test_planning_cannot_import_execution_actions]' passed (0.033 seconds).
Test Suite 'LayerImportRulesTests' passed at 2026-03-30 16:11:09.208.
	 Executed 4 tests, with 0 failures (0 unexpected) in 0.050 (0.050) seconds
Test Suite 'RuntimeInvariantTests' started at 2026-03-30 16:11:09.208.
Test Case '-[OracleOSTests.RuntimeInvariantTests test_loop_is_thin]' started.
Test Case '-[OracleOSTests.RuntimeInvariantTests test_loop_is_thin]' passed (0.000 seconds).
Test Case '-[OracleOSTests.RuntimeInvariantTests test_no_bypass_execution_symbols]' started.
Test Case '-[OracleOSTests.RuntimeInvariantTests test_no_bypass_execution_symbols]' passed (0.202 seconds).
Test Case '-[OracleOSTests.RuntimeInvariantTests test_runtime_orchestrator_has_single_pipeline_entry]' started.
Test Case '-[OracleOSTests.RuntimeInvariantTests test_runtime_orchestrator_has_single_pipeline_entry]' passed (0.002 seconds).
Test Case '-[OracleOSTests.RuntimeInvariantTests test_runtime_spine_avoids_direct_process_usage_outside_workspace_runner]' started.
Test Case '-[OracleOSTests.RuntimeInvariantTests test_runtime_spine_avoids_direct_process_usage_outside_workspace_runner]' passed (0.001 seconds).
Test Suite 'RuntimeInvariantTests' passed at 2026-03-30 16:11:09.414.
	 Executed 4 tests, with 0 failures (0 unexpected) in 0.205 (0.206) seconds
Test Suite 'StateMutationTests' started at 2026-03-30 16:11:09.414.
Test Case '-[OracleOSTests.StateMutationTests test_commit_coordinator_rejects_empty_events]' started.
Test Case '-[OracleOSTests.StateMutationTests test_commit_coordinator_rejects_empty_events]' passed (0.000 seconds).
Test Case '-[OracleOSTests.StateMutationTests test_no_direct_world_model_reset]' started.
Test Case '-[OracleOSTests.StateMutationTests test_no_direct_world_model_reset]' passed (0.006 seconds).
Test Case '-[OracleOSTests.StateMutationTests test_only_reducers_may_mutate_state]' started.
Test Case '-[OracleOSTests.StateMutationTests test_only_reducers_may_mutate_state]' passed (0.000 seconds).
Test Case '-[OracleOSTests.StateMutationTests test_planners_do_not_write_state]' started.
Test Case '-[OracleOSTests.StateMutationTests test_planners_do_not_write_state]' passed (0.009 seconds).
Test Case '-[OracleOSTests.StateMutationTests test_snapshot_requires_event_ancestry]' started.
Test Case '-[OracleOSTests.StateMutationTests test_snapshot_requires_event_ancestry]' passed (0.000 seconds).
Test Suite 'StateMutationTests' passed at 2026-03-30 16:11:09.430.
	 Executed 5 tests, with 0 failures (0 unexpected) in 0.015 (0.016) seconds
Test Suite 'TransitionalArtifactRemovalTests' started at 2026-03-30 16:11:09.430.
Test Case '-[OracleOSTests.TransitionalArtifactRemovalTests testLegacyPlannersNotInActiveExecutionPath]' started.
Test Case '-[OracleOSTests.TransitionalArtifactRemovalTests testLegacyPlannersNotInActiveExecutionPath]' passed (0.000 seconds).
Test Case '-[OracleOSTests.TransitionalArtifactRemovalTests testNoAlternateRuntimeConfigurationPaths]' started.
Test Case '-[OracleOSTests.TransitionalArtifactRemovalTests testNoAlternateRuntimeConfigurationPaths]' passed (0.003 seconds).
Test Case '-[OracleOSTests.TransitionalArtifactRemovalTests testNoDirectExecutorCallsOutsideRuntimeOrchestrator]' started.
Test Case '-[OracleOSTests.TransitionalArtifactRemovalTests testNoDirectExecutorCallsOutsideRuntimeOrchestrator]' passed (0.000 seconds).
Test Case '-[OracleOSTests.TransitionalArtifactRemovalTests testNoDirectStateWritesOutsideCommitCoordinator]' started.
Test Case '-[OracleOSTests.TransitionalArtifactRemovalTests testNoDirectStateWritesOutsideCommitCoordinator]' passed (0.000 seconds).
Test Case '-[OracleOSTests.TransitionalArtifactRemovalTests testOnlyRuntimeOrchestratorIsExecutionEntry]' started.
Test Case '-[OracleOSTests.TransitionalArtifactRemovalTests testOnlyRuntimeOrchestratorIsExecutionEntry]' passed (0.000 seconds).
Test Case '-[OracleOSTests.TransitionalArtifactRemovalTests testRuntimeBootstrapIsOnlyContainer]' started.
Test Case '-[OracleOSTests.TransitionalArtifactRemovalTests testRuntimeBootstrapIsOnlyContainer]' passed (0.000 seconds).
Test Case '-[OracleOSTests.TransitionalArtifactRemovalTests testUnifiedIntentSpineIsOnlyPath]' started.
Test Case '-[OracleOSTests.TransitionalArtifactRemovalTests testUnifiedIntentSpineIsOnlyPath]' passed (0.000 seconds).
Test Suite 'TransitionalArtifactRemovalTests' passed at 2026-03-30 16:11:09.434.
	 Executed 7 tests, with 0 failures (0 unexpected) in 0.004 (0.004) seconds
Test Suite 'OracleOSPackageTests.xctest' passed at 2026-03-30 16:11:09.434.
	 Executed 52 tests, with 0 failures (0 unexpected) in 0.306 (0.310) seconds
Test Suite 'All tests' passed at 2026-03-30 16:11:09.434.
	 Executed 52 tests, with 0 failures (0 unexpected) in 0.306 (0.312) seconds
◇ Test run started.
↳ Testing Library Version: 1743
↳ Target Platform: arm64e-apple-macos14.0
◇ Suite "Dialog Storm Tasks" started.
◇ Suite "Memory Boundary" started.
◇ Suite "WorkspaceRunner Command Policy" started.
◇ Suite "Core Contracts" started.
◇ Suite ControllerSharedTests started.
◇ Suite ReducerTests started.
◇ Suite "Patch Failure Tasks" started.
◇ Suite "Diagnostics — MetricsRecorder" started.
◇ Suite "Upgrade Benchmarks" started.
◇ Suite "Planner Boundary" started.
◇ Suite "Browser Bridge" started.
◇ Suite "Workflow Synthesis" started.
◇ Suite "Strategy-Scoped Plan Filtering" started.
◇ Suite "World Model" started.
◇ Suite "Search — CandidateResult" started.
◇ Suite "WorldModel State Wiring" started.
◇ Suite "Search — CandidateGenerator" started.
◇ Suite "Recipe Schema Validation" started.
◇ Suite "Safe Runtime" started.
◇ Suite "Browser Target Resolver" started.
◇ Suite "Workflow Memory Influence" started.
◇ Suite "Recipe Compatibility" started.
◇ Suite "TraceCompression" started.
◇ Suite "Strategy Layer" started.
◇ Suite "Plan Evaluator" started.
◇ Suite "PatchPipeline" started.
◇ Suite RuntimeKernelBootstrapTests started.
◇ Suite "Target Resolution" started.
◇ Suite "No Bypass Execution" started.
◇ Suite "TaskLedger Substrate" started.
◇ Suite "Patch Experiment Runner" started.
◇ Suite "Governance Enforcement" started.
◇ Suite "Search — Candidate" started.
◇ Suite "Experiment Limits" started.
◇ Suite "Execution Kernel Boundary" started.
◇ Suite "Trace Replay Engine" started.
◇ Suite "Recovery Planner" started.
◇ Suite "Trace Store" started.
◇ Suite "Code Intelligence Boundary" started.
◇ Suite "Strategy-Scoped LLM Plan Generation" started.
◇ Suite "Strategy Diagnostics" started.
◇ Suite "Agent Loop Boundary" started.
◇ Suite "Runtime Integrity" started.
◇ Suite "Execution Spine" started.
◇ Suite "Host Target Resolver" started.
◇ Suite "Architecture Freeze" started.
◇ Suite "Strategy Persistence" started.
◇ Suite "Ambiguous Target Recovery" started.
◇ Suite "State Memory Index" started.
◇ Suite "Workflow Confidence" started.
◇ Suite "Recovery Mode as Strategy" started.
◇ Suite "Prompt Engine" started.
◇ Suite "Search — SearchController" started.
◇ Suite "Workflow Discovery" started.
◇ Suite "Root Cause Ranking" started.
◇ Suite "Graph Aware Loop" started.
◇ Suite StateSnapshotTests started.
◇ Suite "PathSearch Cycle Control" started.
◇ Suite "Digital Engineer Layer" started.
◇ Suite "RuntimeExecutionDriver Boundary" started.
◇ Suite "Upgrade Phase Integration" started.
◇ Suite "Failure Classifier" started.
◇ Suite "Experiment Evaluator" started.
◇ Suite "Patch Target Selection" started.
◇ Suite "Search — ResultSelector" started.
◇ Suite "Action Schema" started.
◇ Suite "Reducer Purity" started.
◇ Suite "Code Intelligence" started.
◇ Suite "Verified Recovery Path" started.
◇ Suite "LocatorBuilder Tests" started.
◇ Suite "Workflow Parameterization" started.
◇ Suite "Strategy Selection" started.
◇ Suite "Proposal Engine and LLM Integration" started.
◇ Suite "Vision Perception Contract" started.
◇ Suite "Observation Change Detector" started.
◇ Suite "Program Knowledge Graph" started.
◇ Suite "Strategy-Scoped Workflow Filtering" started.
◇ Suite "Recovery Memory Influence" started.
◇ Suite "Planner Plan Selection" started.
◇ Suite "LLM Advisors" started.
◇ Suite CommitCoordinatorTests started.
◇ Suite "Environment Monitor" started.
◇ Suite "System Intelligence Upgrades" started.
◇ Suite "Memory Decision Bias" started.
◇ Suite "Knowledge Promotion" started.
◇ Suite "State Abstraction Engine" started.
◇ Suite "Strategy-Scoped Memory Bias" started.
◇ Suite "Planning Graph Engine" started.
◇ Suite "Critic Loop" started.
◇ Suite "Browser Automation" started.
◇ Suite "Execution Enforcement" started.
◇ Suite "Reasoning Engine" started.
◇ Test "Permission dialog storm benchmark recovers from sequential modals" started.
◇ Test "Planner does not mutate files" started.
◇ Test "UnifiedElement codable round trip" started.
◇ Test "Planner does not execute commands directly" started.
◇ Test "ActionResult encodes verification and elapsed time" started.
◇ Test "BrowserRect stores geometry" started.
◇ Test "Trace event codable round trip" started.
◇ Test "Save-before-close storm benchmark handles save confirmations" started.
◇ Test "Repeated verified trace segments become promoted workflow candidates" started.
◇ Test "type returns false when bridge unavailable" started.
◇ Test "BrowserRect is Codable" started.
◇ Test "Workflow reuse benchmark detects workflow replay" started.
◇ Test "Wrong file patch benchmark recovers from misapplied patch" started.
◇ Test "Test regression patch benchmark recovers from test regressions" started.
◇ Test "Build break patch benchmark recovers from broken build" started.
◇ Test "Workflow promotion rejects untyped episode residue" started.
◇ Test "Planner does not inline recovery mechanics" started.
◇ Test "Update notification storm benchmark dismisses cascading dialogs" started.
◇ Test "BrowserBridge isAvailable returns false when CDP not running" started.
◇ Test "Planning state abstraction is stable across small observation drift" started.
◇ Test "Recovery planning benchmark handles modal failure" started.
◇ Test "State-aware replay rejects planning-state drift" started.
◇ Test "Wrong-target rate computes correctly" started.
◇ Test "Candidate graph accumulates repeated verified transitions" started.
◇ Test "Stale promoted workflows are not retrieved" started.
◇ Test "Repeated segments must span multiple episodes to become workflow candidates" started.
◇ Test "Recovery and retry counters work" started.
◇ Test "TraceEvent compatibility initializer still works" started.
◇ Test "BrowserElement computes center point" started.
◇ Test "Reset clears all metrics" started.
◇ Test "Replay validation gates workflow promotion" started.
◇ Test "click returns false when bridge unavailable" started.
◇ Test "Observation fusion prefers stronger sources and preserves confidence" started.
◇ Test "New recorder starts with zero metrics" started.
◇ Test "Patch success rate computes correctly" started.
◇ Test "Legacy trace payloads still decode" started.
◇ Test "Read-only git subcommands are classified correctly" started.
◇ Test "Local write git subcommands are classified correctly" started.
◇ Test "derivedTouchesNetwork returns false for non-git commands" started.
◇ Test "derivedTouchesNetwork returns true for network git commands" started.
◇ Test "Parses git subcommand from simple arguments" started.
◇ Test "StateDiffEngine detects application change" started.
◇ Test "WorkspaceRunnerError has all expected cases" started.
◇ Test "Parses git subcommand skipping global flags" started.
◇ Test "Graph navigator classifies actions into operator families" started.
◇ Test "StateUpdater preserves repository root when not in incoming state" started.
◇ Test "PlanCandidate isAllowed checks against strategy" started.
◇ Test "StateUpdater applies diff to produce new snapshot" started.
◇ Test "Multi-step planning benchmark generates bounded plans" started.
◇ Test "Returns nil for empty arguments" started.
◇ Test "Network git subcommands are classified correctly" started.
◇ Test "WorldModelSnapshot initializes from WorldState" started.
◇ Test "Persist and load round-trips metrics" started.
◇ Test actionRequestFlagsRiskyOperations() started.
◇ Test "TaskStrategyKind maps to correct StrategyKind" started.
◇ Test recipeDocumentPreservesRawJSON() started.
◇ Test traceEnvelopeRoundTrips() started.
◇ Test hostRequestRoundTripsThroughJSON() started.
◇ Test "StateDiffEngine observation delta detects added elements" started.
◇ Test "StateSimulator returns low confidence for no-op dismissModal" started.
◇ Test "World state model limits history size" started.
◇ Test "StateDiffEngine without previous observation has nil delta" started.
◇ Test projectReducerTracksBuildSuccess() started.
◇ Test "Duplicate action names are deduplicated across sources" started.
◇ Test "Runtime files do not directly instantiate ProjectMemoryStore" started.
◇ Test "Action verifier checks focus and value" started.
◇ Test "querySelector returns nil when bridge unavailable" started.
◇ Test "StateDiffEngine produces empty diff when nothing changes" started.
◇ Test "StateSimulator predicts application focus" started.
◇ Test "LLM candidates are last and fill gaps only" started.
◇ Test "World state model maintains history" started.
◇ Test "derivedTouchesNetwork returns false for local git commands" started.
◇ Test "Memory candidates appear before graph candidates" started.
◇ Test "StateSimulator predicts git dirty after patch" started.
◇ Test "Action verifier matches query-based focus, app, window, and URL" started.
◇ Test "Recipe with unknown postcondition kind fails validation" started.
◇ Test "Empty state produces no candidates without LLM" started.
◇ Test "recordAction increments counters correctly" started.
◇ Test "Recipe with valid constraints passes validation" started.
◇ Test "ReasoningOperatorKind maps to correct operator families" started.
◇ Test uiReducerUpdatesVisibleUiState() started.
◇ Test "StateDiffEngine detects URL change" started.
◇ Test "Planner does not resolve exact UI targets" started.
◇ Test "World state model resets from world state" started.
◇ Test "World state model applies diff incrementally" started.
◇ Test "Workflow pattern miner rejects sandbox-specific residue" started.
◇ Test "World state model starts with empty snapshot" started.
◇ Test "Recipe with negative retries fails validation" started.
◇ Test "StateSimulator predicts modal dismissal" started.
◇ Test "getText returns nil when bridge unavailable" started.
◇ Test "Bundled recipes still decode with extended schema" started.
◇ Test "Legacy validate() returns Bool for valid recipe" started.
◇ Test "Planner files do not directly write to memory stores" started.
◇ Test "Computed rates are correct" started.
◇ Test "Runtime files do not directly instantiate raw memory stores" started.
◇ Test "WorldStateModel history grows after sequential commits" started.
◇ Test "Recipe with valid postconditions passes validation" started.
◇ Test "BrowserElement is Codable" started.
◇ Test "recordSearchCycle tracks candidate distribution" started.
◇ Test memoryReducerTracksKnowledgeSignals() started.
◇ Test "Observation hash is stable" started.
◇ Test "Policy blocks terminal interaction by default" started.
◇ Test "Approval receipts are single use" started.
◇ Test "Forbidden git flags are present in the policy" started.
◇ Test "Maximum ambiguity threshold is 0.15" started.
◇ Test "DOM indexer detects form relationships" started.
◇ Test "DOM indexer filters elements without labels" started.
◇ Test "Minimum score threshold is 0.65" started.
◇ Test "DOM indexer produces signals from snapshot" started.
◇ Test "Browser target score combines text, role, visibility, and additional signals" started.
◇ Test "StateDiffEngine includes observation delta when previous observation provided" started.
◇ Test "Recipe with negative duration fails validation" started.
◇ Test "Memory influence provides preferred fix path" started.
◇ Test "Bundled recipes decode with current schema" started.
◇ Test "TraceCompressor.filter(.minimal) strips all elements if none focused" started.
◇ Test "Policy allows low-risk focus in confirm-risky mode" started.
◇ Test "Strategy evaluator records and computes effectiveness" started.
◇ Test "CandidateResult records success and score" started.
◇ Test "WorldStateModel accepts StateDiff from StateDiffEngine" started.
◇ Test "maxCandidates caps the output" started.
◇ Test "TraceCompressor.filter(.minimal) strips non-focused elements" started.
◇ Test "Strategy evaluator returns zero for unknown strategies" started.
◇ Test "Recipe with empty postcondition kind fails validation" started.
◇ Test "PlanSourceType includes strategy case" started.
◇ Test runtimeReducerIncrementsCycleCountAndTracksIntent() started.
◇ Test "Strategy selector chooses recovery when modal is present" started.
◇ Test "Strategy selector provides alternatives" started.
◇ Test "Strategy selector falls back to exploration when nothing matches" started.
◇ Test "Strategy evaluator ranks strategies by effectiveness" started.
◇ Test "TaskStrategyKind has all expected cases" started.
◇ Test "Plan evaluator returns plans sorted by score descending" started.
◇ Test "Strategy evaluator returns recent evaluations" started.
◇ Test "Strategy selector boosts score with memory influence" started.
◇ Test "Choose best plan respects minimum score threshold" started.
◇ Test "TraceCompressor.filter(.full) retains all elements" started.
◇ Test "Plan evaluator scores plans with all components" started.
◇ Test "CandidateResult records failure" started.
◇ Test "StateDiffEngine detects modal state change" started.
◇ Test "RepairPipeline detects missing localization stage" started.
◇ Test "Strategy selector chooses code repair when repo is open" started.
◇ Test "RepairPipeline stage ordering validates correctly" started.
◇ Test "PatchPipeline returns localizationFailed when no targets found" started.
◇ Test "defaultEvaluator approves balanced content with guard pattern" started.
◇ Test "RankedPatch rank = testsFixed - regressions - dependencyImpact" started.
◇ Test "ReadFileSkill returns resolved target metadata" started.
◇ Test "RepairPipeline localizationPrecedesPatching enforced" started.
◇ Test commitCoordinatorHasReducers() started.
◇ Test "FillFormSkill fails closed on ambiguous candidates" started.
◇ Test "Policy requires approval for send actions in browser contexts" started.
◇ Test "TypeSkill returns a strong ranked editable candidate" started.
◇ Test "PlanCandidate preserves source type through evaluation" started.
◇ Test "PlanScore captures all scoring components" started.
◇ Test "Workflow retriever uses memory bias in scoring" started.
◇ Test "Browser automation actions do not call executionDriver directly" started.
◇ Test kernelBootstrapReturnsCompleteKernel() started.
◇ Test "PatchResult.applied returns nil for noViablePatch outcome" started.
◇ Test "RankedPatch with zero regressions and positive testsFixed has positive rank" started.
◇ Test "defaultEvaluator rejects content with unbalanced braces" started.
◇ Test "LedgerNavigator avoids cycles in path expansion" started.
◇ Test "Tool implementations do not call executionDriver directly" started.
◇ Test "Patch ranking signals compute composite score" started.
◇ Test "PlanCandidate computes operator families from operators" started.
◇ Test "Recovery strategies do not call executionDriver directly" started.
◇ Test "Experiment plan captures error signature" started.
◇ Test "TaskLedger alternate edges for recovery exclude the failed edge" started.
◇ Test "StateAbstractor derives tests_running for test phase" started.
◇ Test "LedgerScorer scores edge with success probability" started.
◇ Test "ClickSkill fails when no candidates are available" started.
◇ Test "Experiment runner plans with applicable strategies" started.
◇ Test "TaskRecordEdge accumulates evidence correctly" started.
◇ Test "Full task-graph cycle: observe → abstract → expand → execute → update" started.
◇ Test "All audited target-bearing OS skills route through OSTargetResolver" started.
◇ Test "LedgerScorer gives partial credit for related states" started.
◇ Test "LedgerScorer gives goal alignment bonus when target matches goal" started.
◇ Test "StateDiffEngine produces empty diff when state is unchanged" started.
◇ Test stateSnapshotIsImmutableValue() started.
◇ Test "TaskRecord confidence is bounded between 0 and 1" started.
◇ Test "TaskLedgerStore adds candidate edges and records executions" started.
◇ Test "TaskRecordEdge risk is bounded between 0 and 1" started.
◇ Test "TaskRecordEdge status transitions correctly" started.
◇ Test "TaskLedgerStore exports JSON format" started.
◇ Test "TaskLedgerStore exports DOT format" started.
◇ Test "PatchResult.applied returns patch for applied outcome" started.
◇ Test "RankedPatch with regressions has lower rank than clean patch" started.
◇ Test "TaskRecord attaches workflow matches without duplicates" started.
◇ Test "TaskLedger enforces max nodes per task" started.
◇ Test "TaskLedger maintains current node pointer" started.
◇ Test "StateAbstractor derives modal_dialog_active for modal state" started.
◇ Test "StateAbstractor derives permission_dialog_active for permission modal" started.
◇ Test "RepairPipeline sandboxPrecedesApply enforced" started.
◇ Test "CandidateSource raw values are stable" started.
◇ Test "TaskRecord records visits and attaches memory refs" started.
◇ Test "LedgerNavigator expands paths from current node" started.
◇ Test "TaskLedger recordExecution advances current node" started.
◇ Test "Direct stable transition recording is sanitized to candidate knowledge" started.
◇ Test "TaskLedger viable edges exclude failed and abandoned" started.
◇ Test "StateAbstractor derives repo_loaded for code state without specific phase" started.
◇ Test snapshotStoreTracksSnapshots() started.
◇ Test "LedgerScorer goal abstract state derivation from goal description" started.
◇ Test "Candidate has unique ID by default" started.
◇ Test "TaskLedger recordFailure does not advance current node" started.
◇ Test "TaskLedger adds and queries edges" started.
◇ Test "TaskLedgerStore updates current node from world state" started.
◇ Test "ExperimentSpec.boundedByLimits truncates excess candidates" started.
◇ Test "ExperimentSpec.boundedByLimits keeps small candidate lists unchanged" started.
◇ Test "Architecture-expanding changes without eval coverage produce a hard governance failure" started.
◇ Test "ExperimentLimits defines max candidates" started.
◇ Test "Candidate preserves source tag" started.
◇ Test "RecoveryPlanner returns graph recovery edges sorted by success probability" started.
◇ Test "AgentLoop no longer invokes the legacy execution driver" started.
◇ Test "TaskRecordEdge success probability computed from evidence" started.
◇ Test "ExperimentLimits defines max iterations" started.
◇ Test "Workflow promotion rejects single-episode repeated evidence" started.
◇ Test "Host automation actions do not call executionDriver directly" started.
◇ Test "LedgerNavigator bestNextEdge returns top-scoring first edge" started.
◇ Test "TaskLedger does not merge nodes with different abstract states" started.
◇ Test "ActionResult executed_through_executor absent in dict defaults to false" started.
◇ Test "AgentLoop must not compare experiments" started.
◇ Test "Recovery-tagged transitions cannot be recorded as stable knowledge" started.
◇ Test "TaskLedger merges nodes with same abstract state and planning state ID" started.
◇ Test "Workflow promotion rejects obvious episode residue" started.
◇ Test "Episode residue is kept out of canonical project memory" started.
◇ Test "ActionResult can carry executedThroughExecutor stamp" started.
◇ Test "Workspace runner blocks unsupported arbitrary shell execution" started.
◇ Test "AgentLoop source file stays below 150 lines" started.
◇ Test "ExperienceStore writes JSONL events" started.
◇ Test "AgentLoop must not analyze architecture" started.
◇ Test "Recovery strategy library returns entries for common failures" started.
◇ Test "Recovery operator defaults cover major failure classes" started.
◇ Test "Recovery planner produces plans for modal blocking" started.
◇ Test "Loop changes cannot absorb experiment or ranking internals" started.
◇ Test "One session file preserves ordered step IDs" started.
◇ Test "ToolResult with stamped action_result passes detection" started.
◇ Test "ActionResult with executedThroughExecutor=true passes boundary contract" started.
◇ Test "ProgramKnowledgeGraph.swift exists and declares canonical model" started.
◇ Test "PlanGenerator requires non-optional strategy" started.
◇ Test "PlanCandidate isAllowed rejects plans outside strategy scope" started.
◇ Test "PostconditionVerifier passes when state changes after click" started.
◇ Test "ToolResult missing action_result key is detectable as bypass" started.
◇ Test "Recovery planner produces plans for patch failure" started.
◇ Test "Planner changes cannot absorb local ranking or execution layers" started.
◇ Test "TaskRecord stateSignature combines abstract state and planning state" started.
◇ Test "AgentLoop must not update graph directly" started.
◇ Test "ProposalEngine requires non-optional strategy" started.
◇ Test "StrategyDiagnosticsWriter records and returns entries" started.
◇ Test "AgentLoop stays under 150 lines" started.
◇ Test "AgentLoop does not contain architecture analysis" started.
◇ Test "Best recovery plan returns highest probability plan" started.
◇ Test "Repair pipeline requires localization before patching" started.
◇ Test "Diagnostics placeholder baseline metrics JSON is removed" started.
◇ Test "AgentLoop does not contain experiment comparison" started.
◇ Test "Repair pipeline requires sandbox validation before apply" started.
◇ Test "ActionResult with executedThroughExecutor=false fails boundary contract" started.
◇ Test "Legacy RuntimeContext shortcut is removed from orchestrator" started.
◇ Test "Recovery planner produces plans for wrong focus" started.
◇ Test "AgentLoop does not contain graph updates" started.
◇ Test "AgentLoop is a thin submitIntent wrapper" started.
◇ Test "AgentLoop must not route memory directly" started.
◇ Test "DiagnosticsWriter can write strategy selection" started.
◇ Test "Legacy runtime bypass symbols remain absent" started.
◇ Test "PostconditionVerifier detects click without effect" started.
◇ Test "RuntimeOrchestrator uses committed state for planning" started.
◇ Test "Runtime invariant docs are present" started.
◇ Test "TaskLedgerStore recovery edges exclude the failed edge" started.
◇ Test "Legacy bypass surfaces are removed" started.
◇ Test "Resolver throws on empty element list" started.
◇ Test "Different post-state hashes produce a divergence" started.
◇ Test "AgentLoop does not contain plan scoring logic" started.
◇ Test "Build and test commands construct typed specs instead of using /usr/bin/env" started.
◇ Test "Planning files do not directly instantiate raw code-intelligence graphs" started.
◇ Test "Maximum ambiguity threshold is 0.20" started.
◇ Test "Runtime files do not bypass StateDiffEngine to set worldStateModel.current" started.
◇ Test "ReplayTrace computes correct success rate" started.
◇ Test "Host target selection carries ambiguity score" started.
◇ Test "Identical traces produce no divergences" started.
◇ Test "Minimum score threshold is 0.60" started.
◇ Test "Strategy evaluator triggers reevaluation at step threshold" started.
◇ Test "Runtime files import only Foundation" started.
◇ Test "Length mismatch is reported as a divergence" started.
◇ Test "Failure classifier recognizes ambiguity from description" started.
◇ Test "StrategyDiagnostics produces valid dictionary" started.
◇ Test "Runtime does not instantiate secondary planners directly" started.
◇ Test "Strategy evaluator does not thrash on every step" started.
◇ Test "RuntimeOrchestrator is the sole runtime planner owner" started.
◇ Test "Ambiguity score increases when candidates are close in score" started.
◇ Test "AgentLoop does not contain memory routing" started.
◇ Test "Protected backbone modules are present in the source tree" started.
◇ Test "Strategy evaluator triggers reevaluation when no strategy is active" started.
◇ Test "Recovery planner handles element ambiguous failure" started.
◇ Test "Strategy evaluator records and tracks current strategy" started.
◇ Test "Strategy evaluator triggers reevaluation on hard failure" started.
◇ Test "buildStep produces a ReplayStep from a CriticVerdict" started.
◇ Test "Architecture rules document exists at repo root" started.
◇ Test "StrategyReevaluationCause has all expected cases" started.
◇ Test "Index evicts oldest entries when capacity exceeded" started.
◇ Test "bestAction returns highest success rate action" started.
◇ Test "Replay validation influences confidence score" started.
◇ Test "likelyActions returns empty for unknown state" started.
◇ Test "ActionStats computes correct success rate" started.
◇ Test "Recording an action makes it retrievable" started.
◇ Test "Recovery plans are sorted by probability descending" started.
◇ Test "Planner files do not spawn processes or write files" started.
◇ Test "Strategy evaluator increments step count" started.
◇ Test "Workflow confidence model scores based on success rate" started.
◇ Test "Different elements produce different signatures" started.
◇ Test "Workflow confidence isReliable uses threshold" started.
◇ Test "Recovery strategy only allows recovery + graphEdge families" started.
◇ Test "likelyActions returns actions sorted by success rate" started.
◇ Test "Search returns best successful candidate" started.
◇ Test "likelyActions includes actionName in stats" started.
◇ Test "ActionResult defaults executedThroughExecutor to false" started.
◇ Test "Empty trace has zero success rate" started.
◇ Test "ActionResult executed_through_executor round-trips through toDict" started.
◇ Test "Trace segmenter produces segments from successful events" started.
◇ Test "Search early-exits on successful memory candidate" started.
◇ Test "Workflow synthesizer produces candidates from mined patterns" started.
◇ Test "Prompt builder renders the required sections" started.
◇ Test "Root cause analyzer produces ranked candidates" started.
◇ Test "Planner reuses candidate graph edge before exploration" started.
◇ Test "StrategySelector selects recovery for modal conditions" started.
◇ Test "GraphStore persists eligible stable edges and action contracts" started.
◇ Test "Same elements produce same signature" started.
◇ Test "Promotion freezes when global verified success rate is too low" started.
◇ Test mutatingLiveModelDoesNotChangeSnapshot() started.
◇ Test "Workflow promotion policy rejects experiment and recovery evidence" started.
◇ Test snapshotIsCodable() started.
◇ Test "Planner prefers workflow retrieval before stable graph reuse" started.
◇ Test "AgentLoop idles without submitting when intake is empty" started.
◇ Test "Search evaluates all candidates when memory fails" started.
◇ Test "GraphStore records failures without promoting edge" started.
◇ Test "Repeated segments require multiple distinct episodes" started.
◇ Test "Stable edges demote after repeated failures" started.
◇ Test "Recovery mode reevaluates after bounded steps" started.
◇ Test "Trace clusterer groups by action sequence shape" started.
◇ Test "Resolver uses ElementRanker pipeline" started.
◇ Test "Empty index returns nil for any state" started.
◇ Test "Exploration decisions carry explicit fallback reasons" started.
◇ Test "PathSearch detects cycles and reports cycleDetections in diagnostics" started.
◇ Test "Search returns nil when no candidates exist" started.
◇ Test "Planning files do not instantiate PlanGenerator or PlanEvaluator directly" started.
◇ Test "AgentLoop must not contain plan scoring logic" started.
◇ Test "StrategySelector selects recovery for repeated failures" started.
◇ Test "Plans generated during recovery only use recovery operators" started.
◇ Test "CodePlanner keeps direct repair when confidence is high" started.
◇ Test "Root cause candidates include reasons" started.
◇ Test "Experiment manager prefers structurally safer passing patch" started.
◇ Test "Architecture engine emits cycle and boundary findings" started.
◇ Test "Experiment manager isolates candidate worktrees and keeps main workspace unchanged" started.
◇ Test "Graph planner returns multi-step stable path before exploration" started.
◇ Test "Experiment knowledge tier does not promote directly to stable graph" started.
◇ Test "GraphSearchDiagnostics includes cycleDetections field with default of zero" started.
◇ Test "PathSearch cycle penalty reduces score for cyclic paths" started.
◇ Test "Known-good patterns can narrow an ambiguous repair back to direct execution" started.
◇ Test "Zero best score produces maximum ambiguity" started.
◇ Test "Workflow retriever uses execution and pattern memory to prefer the known fix path" started.
◇ Test "Recovery selector prefers remembered successful strategy" started.
◇ Test "ClickSkill fails on ambiguous targets instead of picking first element" started.
◇ Test snapshotHoldsValueNotReference() started.
◇ Test "Project memory query exposes typed planning records" started.
◇ Test "Architecture engine flags test-only repair candidates" started.
◇ Test "Recovery engine attaches prompt diagnostics to recovery attempts" started.
◇ Test "Memory router combines project memory and fix patterns for code planning" started.
◇ Test "Planning-failure responses are marked as non-executed" started.
◇ Test "RuntimeExecutionDriver emits structured action_result payload" started.
◇ Test "Workflow retriever uses project memory to prefer the safer workflow" started.
◇ Test "Rejected approaches bias CodePlanner toward experiments" started.
◇ Test "Experiment results rank smaller passing patches ahead of larger ones" started.
◇ Test "DiagnosticsWriter pathSnapshot builds from ScoredPath with score breakdowns" started.
◇ Test "Execution memory biases target ranking after repeated success" started.
◇ Test "LedgerNavigator beamWidth limits the number of returned paths" started.
◇ Test "LedgerScorer ScoreBreakdown toDict contains all fields" started.
◇ Test "ActionStats with zero attempts returns zero rate" started.
◇ Test "Planner normalizes empty action-intent app to nil" started.
◇ Test "Perfect outcome scores close to 1.0" started.
◇ Test "CodePlanner attaches workflow prompt diagnostics when workflow reuse wins" started.
◇ Test "DiagnosticsWriter writes task_graph.json" started.
◇ Test "AgentLoop keeps delegating through orchestrator even when responses fail" started.
◇ Test "Score is clamped between 0 and 1" started.
◇ Test "DiagnosticsWriter writes planner_paths.json" started.
◇ Test "Complete failure scores close to 0.0" started.
◇ Test "Planner normalizes legacy 'unknown' app to nil" started.
◇ Test "TaskLedgerStore exportJSON includes edge_success_rates and current_node" started.
◇ Test "CodePlanner escalates uncertain repair into experiments" started.
◇ Test "Falls back to actionFailed for unrecognized errors" started.
◇ Test "AgentLoop submits exactly one intent through orchestrator" started.
◇ Test "Project memory drafts are indexed and retrieved by goal and module" started.
◇ Test "Explanation contains dimension names" started.
◇ Test "Classifies workflow replay failure" started.
◇ Test "Context boosts confidence for repeated failure class" started.
◇ Test "ExperimentResultRanker ranks succeeded results higher" started.
◇ Test "Classifies environment mismatch" started.
◇ Test "TypeCorrection applies to type mismatch errors" started.
◇ Test "Classifies unexpected dialog" started.
◇ Test "Patch strategy library returns applicable strategies" started.
◇ Test "WorkflowMatcher returns empty for no matching workflows" started.
◇ Test "NullGuard applies to nil-related errors" started.
◇ Test "Preferred paths boost root cause ranking" started.
◇ Test "selectBest returns highest-scored failure as last resort" started.
◇ Test "Classifies target missing from error description" started.
◇ Test "selectBest prefers successful result over failure" started.
◇ Test "Custom weights affect overall score" started.
◇ Test "Classifies ambiguous target" started.
◇ Test "Classifies wrong window focus" started.
◇ Test "selectBest falls back to partial success when no full success" started.
◇ Test "Preconditions met when element exists in state" started.
◇ Test "Non-code action kinds are classified correctly" started.
◇ Test "BoundaryFix applies to index-related errors" started.
◇ Test "selectBest prefers higher score among successes" started.
◇ Test "DependencyUpdate applies to module resolution errors" started.
◇ Test "ActionSchema toDict includes all fields" started.
◇ Test "Prompt engine caches repeated prompt builds" started.
◇ Test "selectBest breaks ties by lower latency" started.
◇ Test "Reducer source files avoid side-effect frameworks and APIs" started.
◇ Test "Run tests schema has correct kind" started.
◇ Test "Code query engine traces a failing test back to likely source" started.
◇ Test "ConfigFix applies to configuration errors" started.
◇ Test "Type schema sets preconditions and postconditions" started.
◇ Test "Reducers produce deterministic snapshots for identical event streams" started.
◇ Test "LedgerNavigator default beamWidth is 4" started.
◇ Test "ActionSchemaKind covers all expected cases" started.
◇ Test "App frontmost precondition matches correctly" started.
◇ Test "Preconditions not met when element missing from state" started.
◇ Test "Runtime diagnostics builder surfaces persisted repository indexes" started.
◇ Test "Re-applying identical events is replay-stable" started.
◇ Test "Change impact analyzer reports affected tests and build targets" started.
◇ Test "DiagnosticsWriter writes patch_experiments.json" started.
◇ Test "Repository indexer builds structural graphs and persists snapshot" started.
◇ Test "Recovery plans carry failure class context" started.
◇ Test "Classifies permission blocked" started.
◇ Test "Build with query sets computedNameContains" started.
◇ Test "Classification confidence is bounded" started.
◇ Test "Click schema sets correct kind and preconditions" started.
◇ Test "Dismiss modal schema requires modal present" started.
◇ Test "fromQuery convenience" started.
◇ Test "DOM ID takes priority over query" started.
◇ Test "Repository indexer reuses persisted snapshot until repository changes" started.
◇ Test "selectBest returns nil for empty results" started.
◇ Test "repoRepair strategy does not allow browser-targeted operators" started.
◇ Test "Strategy selector produces SelectedStrategy for modal conditions" started.
◇ Test "Schema with no preconditions always passes" started.
◇ Test "Root cause analyzer ranks source file above tests and unrelated files" started.
◇ Test "Code action kinds are classified correctly" started.
◇ Test "Workflow parameterizer requires at least two trace executions" started.
◇ Test "WorkflowParameterKind infers from raw value string" started.
◇ Test "OperatorFamily has all expected cases" started.
◇ Test "SelectedStrategy allows checks work correctly" started.
◇ Test "Strategy selector produces directExecution for OS agent with no special conditions" started.
◇ Test "Open application schema expects app frontmost" started.
◇ Test "Strategy selector returns recovery for repeated failures" started.
◇ Test "Workflow parameterizer extracts parameters from multiple segments" started.
◇ Test "Build with query and role" started.
◇ Test "ReasoningParser filters operators that fail preconditions" started.
◇ Test "PlanScore computes total correctly with all components" started.
◇ Test "LedgerScorer scoreEdgeWithBreakdown returns memory_bias contribution" started.
◇ Test "Selected strategy has non-empty rationale" started.
◇ Test "Build project schema has correct kind" started.
◇ Test "Classifies patch failure" started.
◇ Test "recoveryMode strategy has bounded operator families" started.
◇ Test "ReasoningParser converts parsed plans to plan candidates" started.
◇ Test "Detection with negative confidence produces violation" started.
◇ Test "LLM model tier has all expected cases" started.
◇ Test "LLM client throws when no provider configured" started.
◇ Test "All default recovery strategies have non-empty descriptions" started.
◇ Test "VisionDetection encodes and decodes correctly" started.
◇ Test "Detection with zero-size frame produces violation" started.
◇ Test "StrategyKind has all expected cases" started.
◇ Test "Strategy selector produces repoRepair for failing tests with repo" started.
◇ Test "Added elements detected" started.
◇ Test "Stale frame produces violation" started.
◇ Test "Code planner uses repository intelligence to narrow experiment candidates" started.
◇ Test "Focus change detected" started.
◇ Test "Failure classifier produces consistent classification" started.
◇ Test "Window title change detected" started.
◇ Test "WorkflowParameter captures all parameter kinds" started.
◇ Test "Changed element enabled state detected" started.
◇ Test "StrategyLibrary maps all strategy kinds to operator families" started.
◇ Test "Application name change detected" started.
◇ Test "Build with DOM ID uses exact match" started.
◇ Test "Finds targets of a test" started.
◇ Test "Multiple changes tracked in single delta" started.
◇ Test "URL change detected" started.
◇ Test "Call neighborhood expands outward" started.
◇ Test "Identical observations produce empty delta" started.
◇ Test "Unchanged elements not included in delta" started.
◇ Test "Changed element label detected" started.
◇ Test "Finds symbols in file" started.
◇ Test "Removed elements detected" started.
◇ Test "Finds build targets containing a file" started.
◇ Test "Finds callers of a symbol" started.
◇ Test "Finds symbols by name" started.
◇ Test "Empty detections produce violation" started.
◇ Test "Changed element value detected" started.
◇ Test "browserInteraction strategy does not allow repo-analysis operators" started.
◇ Test "Finds tests covering a file" started.
◇ Test "Trace failure excludes test files from results" started.
◇ Test "Trace failure from test to source candidates" started.
◇ Test "WorkflowMatcher requires strategy argument (non-optional)" started.
◇ Test "Low overall confidence produces violation" started.
◇ Test "Recovery planner generates plans for wrong focus" started.
◇ Test "Finds tests covering a symbol" started.
◇ Test "WorkflowRetriever requires strategy argument (non-optional)" started.
◇ Test "Memory influence provides preferred recovery strategy" started.
◇ Test "Finds symbol by ID" started.
◇ Test "PlanSourceType includes llm and recovery cases" started.
◇ Test "Memory influence risk penalty is non-negative" started.
◇ Test "Impact analysis returns affected tests and targets" started.
◇ Test "Detection with empty elementType produces violation" started.
◇ Test "WorkflowMatcher filters workflows outside strategy scope" started.
◇ Test "Workflow plan beats exploration when valid workflow exists" started.
◇ Test "LLM target resolver returns empty without provider" started.
◇ Test "Finds direct dependencies of a file" started.
◇ Test "LLM repair advisor uses LLM when provider is available" started.
◇ Test "Recovery planner generates plans for modal blocking" started.
◇ Test "Memory bias changes plan ordering in evaluator" started.
◇ Test "Stable graph plan beats candidate graph plan" started.
◇ Test commitReturnsReceiptAndRunsReducers() started.
◇ Test "Recovery planner returns empty for unsupported failure classes" started.
◇ Test "LLM recovery advisor returns default strategies without provider" started.
◇ Test "MemoryInfluence.empty provides default values" started.
◇ Test "Low-confidence code tasks escalate to experiments" started.
◇ Test emptyCommitThrows() started.
◇ Test "LLM recovery advisor returns memory-preferred strategy first" started.
◇ Test "No mismatch when expectations are empty" started.
◇ Test "Finds dependents (reverse dependencies) of a file" started.
◇ Test "LLM recovery advisor uses LLM when provider is available" started.
◇ Test "Mismatch when window title does not match" started.
◇ Test "Mismatch when expected element is absent" started.
◇ Test "Finds callees of a symbol" started.
◇ Test "ReasoningParser handles empty or malformed input" started.
◇ Test "Patch ranking signals compute composite score" started.
◇ Test "LLM target resolver parses candidates from LLM response" started.
◇ Test "Reconciliation consistent when all postconditions pass" started.
◇ Test "Recovery operators are available in the operator registry" started.
◇ Test "Recovery planner generates plans for patch failure" started.
◇ Test "No mismatch when all expected elements present" started.
◇ Test "Pattern similarity computes Jaccard-based score" started.
◇ Test "Plan candidate computes estimated cost from operators" started.
◇ Test "LLM recovery advisor handles different failure classes" started.
◇ Test "Reconciliation reports passed and failed checks" started.
◇ Test "Mismatch when expected app differs" started.
◇ Test "Task family similarity matches on shared goal tokens" started.
◇ Test "Workflow confidence model reliability check" started.
◇ Test "Plan candidate computes average risk score from operators" started.
◇ Test "Memory decision bias aggregates component scores" started.
◇ Test "Zero memory bias has zero total" started.
◇ Test "ReasoningParser parses plan blocks from structured text" started.
◇ Test "No mismatch when app matches" started.
◇ Test "Mismatch when URL does not match" started.
◇ Test "Browser target score computes weighted total" started.
◇ Test "Trace clusterer groups similar traces" started.
◇ Test "Trace compressor groups events into patterns" started.
◇ Test "Valid frame passes validation" started.
◇ Test "Pattern similarity score is bounded between 0 and 1" started.
◇ Test "Page element index provides enriched elements" started.
◇ Test "Workflow confidence model scores promoted workflows higher" started.
◇ Test "One-off traces do not get promoted to workflows" started.
◇ Test "Graph edges with low success rate do not promote" started.
◇ Test "Recovery planner generates plans for modal blocking" started.
◇ Test "Compressed state filters interactable elements correctly" started.
◇ Test "Planner decision hierarchy prefers workflow over exploration" started.
◇ Test "Candidate patch supports strategy kind field" started.
◇ Test "Failure penalty reduces total bias" started.
◇ Test "Deduplicates elements with same kind and label" started.
◇ Test "LLM repair advisor falls back to deterministic strategies without provider" started.
◇ Test "LLM client tracks diagnostics" started.
◇ Test "Maps AXGroup role to container kind" started.
◇ Test "Workflow confidence model penalizes low replay validation" started.
◇ Test "Memory decay policy reduces stale patterns" started.
◇ Test "Patch strategy library covers all strategy kinds" started.
◇ Test "Recovery operator kinds map to valid operator registry entries" started.
◇ Test "Graph edges with enough attempts and high success can promote" started.
◇ Test "Pattern similarity handles disjoint sequences" started.
◇ Test "Recovery planner generates plans for wrong focus" started.
◇ Test "Trace compressor computes success rate" started.
◇ Test "Classifies element without label falls back to role" started.
◇ Test "New failure classes exist" started.
◇ Test "Maps AXDialog role to dialog kind" started.
◇ Test "System dashboard records and snapshots events" started.
◇ Test "Workflows require repeated validated success for promotion" started.
◇ Test "Workflows require distinct episodes for promotion" started.
◇ Test "Sparse evidence does not promote workflows" started.
◇ Test "Maps AXButton role to button kind" started.
◇ Test "Maps AXTextField role to input kind" started.
◇ Test "LLM client retries on failure" started.
◇ Test "Graph edges require multiple observations before promotion" started.
◇ Test "Plan candidate with simulated outcome inherits success probability" started.
◇ Test "SemanticElement toDict round-trips key fields" started.
◇ Test "Maps AXLink role to link kind" started.
◇ Test "Workflow confidence model penalizes high drift rate" started.
◇ Test "Workflows with sufficient evidence can promote" started.
◇ Test "Classifies element with label" started.
◇ Test "MemoryDecisionBias produces different scores for different strategies" started.
◇ Test "Patch strategy library returns applicable strategies" started.
◇ Test "MemoryDecisionBias requires strategy (non-optional)" started.
◇ Test "validActions returns empty for state with no edges" started.
◇ Test "Maps nil role to unknown kind" started.
◇ Test "recordOutcome by state updates existing edge" started.
◇ Test "Recording success increases success rate" started.
◇ Test "addEdge increases edge count" started.
◇ Test "validActions are sorted by edge score" started.
◇ Test "Compress produces CompressedUIState from observation" started.
◇ Test "New edge has default score of 0.5" started.
◇ Test "recordOutcome by state creates new edge when none exists" started.
◇ Test "allStates includes both source and destination states" started.
◇ Test "bestEdge returns highest scoring edge" started.
◇ Test "Recording failure decreases success rate" started.
◇ Test "validActions returns schemas for edges from a state" started.
◇ Test "recordOutcome by state ignores invalid raw values" started.
◇ Test "bestEdge returns nil for unknown state" started.
◇ Test "candidateEdges returns edges sorted by score" started.
◇ Test "pruneWeakEdges removes low-success edges" started.
◇ Test "recordOutcome updates existing edge stats" started.
◇ Test "Critic returns unknown when no schema and no state change" started.
◇ Test "Critic returns failure when postconditions not met" started.
◇ Test "Critic returns failure when action reports failure" started.
◇ Test "CriticOutcome covers all expected cases" started.
◇ Test "Critic returns success when postconditions met" started.
◇ Test "State fingerprint stable for same elements" started.
◇ Test "Critic returns success when no schema but state changed" started.
◇ Test "CriticVerdict toDict includes all fields" started.
◇ Test "Critic returns failure when action blocked by policy" started.
◇ Test "Critic returns partial success when some conditions met" started.
◇ Test "State fingerprint changes when elements change" started.
◇ Test "Browser action adapter produces runtime-safe intents" started.
◇ Test "DOM flattener assigns stable element indexes" started.
◇ Test "Browser target resolver returns a clear candidate" started.
◇ Test "Browser target resolver fails closed on ambiguity" started.
◇ Test "ActionResult preserves executedThroughExecutor when set true" started.
◇ Test "ActionResult toDict includes executed_through_executor" started.
◇ Test "ActionResult from(dict:) defaults flag to false when absent" started.
◇ Test "ActionResult from(dict:) reads executed_through_executor" started.
◇ Test "ActionResult defaults executedThroughExecutor to false" started.
◇ Test "ActionResult round-trips executedThroughExecutor through Codable" started.
◇ Test "Reasoning engine generates bounded candidate plans" started.
◇ Test "Planner preserves workflow fallback when trusted workflow exists" started.
◇ Test "Apply patch operator uses preferred fix path when available" started.
◇ Test "Plan simulator prefers dismissing a modal before clicking through it" started.
◇ Test "Planner uses reasoning to dismiss modal before exploration" started.
✔ Test "Planner does not mutate files" passed after 0.449 seconds.
✔ Test "Planner does not execute commands directly" passed after 0.450 seconds.
✔ Test "BrowserRect stores geometry" passed after 0.450 seconds.
✔ Test "BrowserRect is Codable" passed after 0.451 seconds.
✔ Test "Wrong-target rate computes correctly" passed after 0.450 seconds.
✔ Test "Planner does not inline recovery mechanics" passed after 0.451 seconds.
✔ Test "Reset clears all metrics" passed after 0.451 seconds.
✔ Test "Patch success rate computes correctly" passed after 0.450 seconds.
✔ Test "Recovery and retry counters work" passed after 0.451 seconds.
✔ Test "BrowserElement computes center point" passed after 0.451 seconds.
✔ Test "New recorder starts with zero metrics" passed after 0.451 seconds.
✔ Test "Local write git subcommands are classified correctly" passed after 0.450 seconds.
✔ Test "Read-only git subcommands are classified correctly" passed after 0.451 seconds.
✔ Test "Parses git subcommand from simple arguments" passed after 0.450 seconds.
✔ Test "Graph navigator classifies actions into operator families" passed after 0.450 seconds.
✔ Test "Parses git subcommand skipping global flags" passed after 0.450 seconds.
✔ Test "WorkspaceRunnerError has all expected cases" passed after 0.450 seconds.
✔ Test "derivedTouchesNetwork returns true for network git commands" passed after 0.451 seconds.
✔ Test "derivedTouchesNetwork returns false for non-git commands" passed after 0.451 seconds.
✔ Test "StateDiffEngine detects application change" passed after 0.451 seconds.
✔ Test "Returns nil for empty arguments" passed after 0.451 seconds.
✔ Test "Network git subcommands are classified correctly" passed after 0.450 seconds.
✔ Test "StateUpdater preserves repository root when not in incoming state" passed after 0.451 seconds.
✔ Test "Workflow promotion rejects untyped episode residue" passed after 0.451 seconds.
✔ Test "StateUpdater applies diff to produce new snapshot" passed after 0.451 seconds.
✔ Test "WorldModelSnapshot initializes from WorldState" passed after 0.451 seconds.
✔ Test "TaskStrategyKind maps to correct StrategyKind" passed after 0.451 seconds.
✔ Test actionRequestFlagsRiskyOperations() passed after 0.451 seconds.
✔ Test "Persist and load round-trips metrics" passed after 0.451 seconds.
✔ Test "World state model limits history size" passed after 0.451 seconds.
✔ Test "StateSimulator returns low confidence for no-op dismissModal" passed after 0.451 seconds.
✔ Test "StateDiffEngine without previous observation has nil delta" passed after 0.451 seconds.
✔ Test "StateDiffEngine observation delta detects added elements" passed after 0.451 seconds.
✔ Test "StateDiffEngine produces empty diff when nothing changes" passed after 0.451 seconds.
✔ Test "PlanCandidate isAllowed checks against strategy" passed after 0.451 seconds.
✔ Test "StateSimulator predicts application focus" passed after 0.451 seconds.
✔ Test "derivedTouchesNetwork returns false for local git commands" passed after 0.451 seconds.
✔ Test "World state model maintains history" passed after 0.451 seconds.
✔ Test "recordAction increments counters correctly" passed after 0.452 seconds.
✔ Test "ReasoningOperatorKind maps to correct operator families" passed after 0.451 seconds.
✔ Test "StateSimulator predicts git dirty after patch" passed after 0.451 seconds.
✔ Test "State-aware replay rejects planning-state drift" passed after 0.452 seconds.
✔ Test "Repeated segments must span multiple episodes to become workflow candidates" passed after 0.452 seconds.
✔ Test "Stale promoted workflows are not retrieved" passed after 0.452 seconds.
✔ Test "World state model resets from world state" passed after 0.451 seconds.
✔ Test "World state model applies diff incrementally" passed after 0.451 seconds.
✔ Test "World state model starts with empty snapshot" passed after 0.451 seconds.
✔ Test uiReducerUpdatesVisibleUiState() passed after 0.451 seconds.
✔ Test "Planner does not resolve exact UI targets" passed after 0.452 seconds.
✔ Test "StateDiffEngine detects URL change" passed after 0.451 seconds.
✔ Test "Planner files do not directly write to memory stores" passed after 0.451 seconds.
✔ Test "StateSimulator predicts modal dismissal" passed after 0.451 seconds.
✔ Test projectReducerTracksBuildSuccess() passed after 0.451 seconds.
✔ Test "Computed rates are correct" passed after 0.451 seconds.
✔ Test "recordSearchCycle tracks candidate distribution" passed after 0.451 seconds.
✔ Test "Replay validation gates workflow promotion" passed after 0.452 seconds.
✔ Test "BrowserElement is Codable" passed after 0.451 seconds.
✔ Test memoryReducerTracksKnowledgeSignals() passed after 0.451 seconds.
✔ Test "WorldStateModel history grows after sequential commits" passed after 0.451 seconds.
✔ Test recipeDocumentPreservesRawJSON() passed after 0.452 seconds.
✔ Test "Maximum ambiguity threshold is 0.15" passed after 0.451 seconds.
✔ Test "Forbidden git flags are present in the policy" passed after 0.451 seconds.
✔ Test "Browser target score combines text, role, visibility, and additional signals" passed after 0.451 seconds.
✔ Test "Minimum score threshold is 0.65" passed after 0.453 seconds.
✔ Test "StateDiffEngine includes observation delta when previous observation provided" passed after 0.453 seconds.
✔ Test "DOM indexer filters elements without labels" passed after 0.453 seconds.
✔ Test "Strategy evaluator records and computes effectiveness" passed after 0.453 seconds.
✔ Test "DOM indexer detects form relationships" passed after 0.453 seconds.
✔ Test "WorldStateModel accepts StateDiff from StateDiffEngine" passed after 0.453 seconds.
✔ Test "CandidateResult records success and score" passed after 0.453 seconds.
✔ Test hostRequestRoundTripsThroughJSON() passed after 0.454 seconds.
✔ Test "PlanSourceType includes strategy case" passed after 0.453 seconds.
✔ Test "TraceCompressor.filter(.minimal) strips all elements if none focused" passed after 0.453 seconds.
✔ Test "Strategy evaluator returns zero for unknown strategies" passed after 0.453 seconds.
✔ Test "TraceCompressor.filter(.minimal) strips non-focused elements" passed after 0.453 seconds.
✔ Test "Memory influence provides preferred fix path" passed after 0.453 seconds.
✔ Test "Strategy evaluator ranks strategies by effectiveness" passed after 0.453 seconds.
✔ Test "TaskStrategyKind has all expected cases" passed after 0.453 seconds.
✔ Test runtimeReducerIncrementsCycleCountAndTracksIntent() passed after 0.453 seconds.
✔ Test "Strategy evaluator returns recent evaluations" passed after 0.453 seconds.
✔ Test "Strategy selector provides alternatives" passed after 0.453 seconds.
✔ Test "Choose best plan respects minimum score threshold" passed after 0.453 seconds.
✔ Test "TraceCompressor.filter(.full) retains all elements" passed after 0.453 seconds.
✔ Test "Strategy selector boosts score with memory influence" passed after 0.453 seconds.
✔ Test "DOM indexer produces signals from snapshot" passed after 0.453 seconds.
✔ Test "StateDiffEngine detects modal state change" passed after 0.453 seconds.
✔ Test "RepairPipeline detects missing localization stage" passed after 0.453 seconds.
✔ Test "Strategy selector chooses recovery when modal is present" passed after 0.453 seconds.
✔ Test "Strategy selector falls back to exploration when nothing matches" passed after 0.453 seconds.
✔ Test "RepairPipeline stage ordering validates correctly" passed after 0.453 seconds.
✔ Test "Workflow pattern miner rejects sandbox-specific residue" passed after 0.456 seconds.
✔ Test "RankedPatch rank = testsFixed - regressions - dependencyImpact" passed after 0.453 seconds.
✔ Test "CandidateResult records failure" passed after 0.453 seconds.
✔ Test "RepairPipeline localizationPrecedesPatching enforced" passed after 0.453 seconds.
✔ Test "defaultEvaluator approves balanced content with guard pattern" passed after 0.453 seconds.
✔ Test "Strategy selector chooses code repair when repo is open" passed after 0.453 seconds.
✔ Test "Repeated verified trace segments become promoted workflow candidates" passed after 0.456 seconds.
✔ Test "PlanScore captures all scoring components" passed after 0.453 seconds.
✔ Test "Workflow retriever uses memory bias in scoring" passed after 0.454 seconds.
✔ Test "PatchPipeline returns localizationFailed when no targets found" passed after 0.453 seconds.
✔ Test "PatchResult.applied returns nil for noViablePatch outcome" passed after 0.453 seconds.
✔ Test "RankedPatch with zero regressions and positive testsFixed has positive rank" passed after 0.453 seconds.
✔ Test "defaultEvaluator rejects content with unbalanced braces" passed after 0.453 seconds.
✔ Test "LedgerNavigator avoids cycles in path expansion" passed after 0.453 seconds.
✔ Test "Tool implementations do not call executionDriver directly" passed after 0.453 seconds.
✔ Test "Patch ranking signals compute composite score" passed after 0.453 seconds.
✔ Test "Runtime files do not directly instantiate ProjectMemoryStore" passed after 0.455 seconds.
✔ Test "Browser automation actions do not call executionDriver directly" passed after 0.453 seconds.
✔ Test "PlanCandidate computes operator families from operators" passed after 0.453 seconds.
✔ Test "TaskLedger alternate edges for recovery exclude the failed edge" passed after 0.453 seconds.
✔ Test "StateAbstractor derives tests_running for test phase" passed after 0.453 seconds.
✔ Test "Experiment plan captures error signature" passed after 0.453 seconds.
✔ Test "LedgerScorer scores edge with success probability" passed after 0.453 seconds.
✔ Test traceEnvelopeRoundTrips() passed after 0.455 seconds.
✔ Test "TaskRecordEdge accumulates evidence correctly" passed after 0.453 seconds.
✔ Test "Full task-graph cycle: observe → abstract → expand → execute → update" passed after 0.453 seconds.
✔ Test "Bundled recipes decode with current schema" passed after 0.454 seconds.
✔ Test "All audited target-bearing OS skills route through OSTargetResolver" passed after 0.453 seconds.
✔ Test "LedgerScorer gives goal alignment bonus when target matches goal" passed after 0.453 seconds.
✔ Test "StateDiffEngine produces empty diff when state is unchanged" passed after 0.453 seconds.
✔ Test "LedgerScorer gives partial credit for related states" passed after 0.453 seconds.
✔ Test "TaskRecord confidence is bounded between 0 and 1" passed after 0.453 seconds.
✔ Test "TaskRecordEdge risk is bounded between 0 and 1" passed after 0.453 seconds.
✔ Test "TaskRecordEdge status transitions correctly" passed after 0.453 seconds.
✔ Test "Runtime files do not directly instantiate raw memory stores" passed after 0.454 seconds.
✔ Test "Experiment runner plans with applicable strategies" passed after 0.453 seconds.
✔ Test "TaskLedgerStore exports JSON format" passed after 0.453 seconds.
✔ Test "PatchResult.applied returns patch for applied outcome" passed after 0.453 seconds.
✔ Test "TaskRecord attaches workflow matches without duplicates" passed after 0.453 seconds.
✔ Test "TaskLedger enforces max nodes per task" passed after 0.453 seconds.
✔ Test "TaskLedger maintains current node pointer" passed after 0.453 seconds.
✔ Test "StateAbstractor derives modal_dialog_active for modal state" passed after 0.453 seconds.
✔ Test "StateAbstractor derives permission_dialog_active for permission modal" passed after 0.453 seconds.
✔ Test "RepairPipeline sandboxPrecedesApply enforced" passed after 0.453 seconds.
✔ Test "CandidateSource raw values are stable" passed after 0.453 seconds.
✔ Test "TaskRecord records visits and attaches memory refs" passed after 0.453 seconds.
✔ Test "Recovery strategies do not call executionDriver directly" passed after 0.454 seconds.
✔ Test "LedgerNavigator expands paths from current node" passed after 0.453 seconds.
✔ Test "TaskLedger recordExecution advances current node" passed after 0.453 seconds.
✔ Test "TaskLedger viable edges exclude failed and abandoned" passed after 0.453 seconds.
✔ Test "TaskLedgerStore adds candidate edges and records executions" passed after 0.453 seconds.
✔ Test "RankedPatch with regressions has lower rank than clean patch" passed after 0.453 seconds.
✔ Test "StateAbstractor derives repo_loaded for code state without specific phase" passed after 0.453 seconds.
✔ Test "Candidate has unique ID by default" passed after 0.453 seconds.
✔ Test "TaskLedgerStore exports DOT format" passed after 0.453 seconds.
✔ Test "LedgerScorer goal abstract state derivation from goal description" passed after 0.453 seconds.
✔ Test "TaskLedgerStore updates current node from world state" passed after 0.453 seconds.
✔ Test "ExperimentSpec.boundedByLimits truncates excess candidates" passed after 0.453 seconds.
✔ Test "TaskLedger adds and queries edges" passed after 0.453 seconds.
✔ Test "FillFormSkill fails closed on ambiguous candidates" passed after 0.454 seconds.
✔ Test "Candidate preserves source tag" passed after 0.453 seconds.
✔ Test "TypeSkill returns a strong ranked editable candidate" passed after 0.454 seconds.
✔ Test "RecoveryPlanner returns graph recovery edges sorted by success probability" passed after 0.453 seconds.
✔ Test "TaskRecordEdge success probability computed from evidence" passed after 0.453 seconds.
✔ Test "ExperimentLimits defines max iterations" passed after 0.453 seconds.
✔ Test "ClickSkill fails when no candidates are available" passed after 0.454 seconds.
✔ Test "ExperimentSpec.boundedByLimits keeps small candidate lists unchanged" passed after 0.453 seconds.
✔ Test "Workflow promotion rejects single-episode repeated evidence" passed after 0.453 seconds.
✔ Test "TaskLedger does not merge nodes with different abstract states" passed after 0.453 seconds.
✔ Test "TaskLedger recordFailure does not advance current node" passed after 0.453 seconds.
✔ Test "AgentLoop must not compare experiments" passed after 0.453 seconds.
✔ Test "TaskLedger merges nodes with same abstract state and planning state ID" passed after 0.453 seconds.
✔ Test "Workflow promotion rejects obvious episode residue" passed after 0.452 seconds.
✔ Test "AgentLoop no longer invokes the legacy execution driver" passed after 0.453 seconds.
✔ Test "ReadFileSkill returns resolved target metadata" passed after 0.454 seconds.
✔ Test "ExperimentLimits defines max candidates" passed after 0.453 seconds.
✔ Test "Architecture-expanding changes without eval coverage produce a hard governance failure" passed after 0.453 seconds.
✔ Test "AgentLoop must not analyze architecture" passed after 0.453 seconds.
✔ Test "AgentLoop source file stays below 150 lines" passed after 0.452 seconds.
✔ Test "Recovery strategy library returns entries for common failures" passed after 0.452 seconds.
✔ Test "Recovery operator defaults cover major failure classes" passed after 0.452 seconds.
✔ Test "Recovery planner produces plans for modal blocking" passed after 0.453 seconds.
✔ Test "Loop changes cannot absorb experiment or ranking internals" passed after 0.453 seconds.
✔ Test "Host automation actions do not call executionDriver directly" passed after 0.453 seconds.
✔ Test "LedgerNavigator bestNextEdge returns top-scoring first edge" passed after 0.454 seconds.
✔ Test "ProgramKnowledgeGraph.swift exists and declares canonical model" passed after 0.452 seconds.
✔ Test "PlanCandidate isAllowed rejects plans outside strategy scope" passed after 0.452 seconds.
✔ Test "PostconditionVerifier passes when state changes after click" passed after 0.452 seconds.
✔ Test "Recovery planner produces plans for patch failure" passed after 0.452 seconds.
✔ Test "TaskRecord stateSignature combines abstract state and planning state" passed after 0.452 seconds.
✔ Test "Plan evaluator scores plans with all components" passed after 0.455 seconds.
✔ Test "Planner changes cannot absorb local ranking or execution layers" passed after 0.453 seconds.
✔ Test "StrategyDiagnosticsWriter records and returns entries" passed after 0.452 seconds.
✔ Test "AgentLoop must not update graph directly" passed after 0.453 seconds.
✔ Test "AgentLoop does not contain architecture analysis" passed after 0.452 seconds.
✔ Test "Best recovery plan returns highest probability plan" passed after 0.452 seconds.
✔ Test "AgentLoop stays under 150 lines" passed after 0.452 seconds.
✔ Test "Repair pipeline requires localization before patching" passed after 0.452 seconds.
✔ Test "Diagnostics placeholder baseline metrics JSON is removed" passed after 0.452 seconds.
✔ Test "Repair pipeline requires sandbox validation before apply" passed after 0.453 seconds.
✔ Test "AgentLoop does not contain experiment comparison" passed after 0.453 seconds.
✔ Test "Recovery planner produces plans for wrong focus" passed after 0.453 seconds.
✔ Test "Legacy RuntimeContext shortcut is removed from orchestrator" passed after 0.453 seconds.
✔ Test "AgentLoop does not contain graph updates" passed after 0.453 seconds.
✔ Test "PlanCandidate preserves source type through evaluation" passed after 0.455 seconds.
✔ Test "AgentLoop must not route memory directly" passed after 0.454 seconds.
✔ Test "Plan evaluator returns plans sorted by score descending" passed after 0.455 seconds.
✔ Test "PostconditionVerifier detects click without effect" passed after 0.453 seconds.
✔ Test "ExperienceStore writes JSONL events" passed after 0.453 seconds.
✔ Test "Runtime invariant docs are present" passed after 0.453 seconds.
✔ Test "TaskLedgerStore recovery edges exclude the failed edge" passed after 0.453 seconds.
✔ Test "PlanGenerator requires non-optional strategy" passed after 0.453 seconds.
✔ Test "RuntimeOrchestrator uses committed state for planning" passed after 0.453 seconds.
✔ Test "AgentLoop is a thin submitIntent wrapper" passed after 0.453 seconds.
✔ Test "AgentLoop does not contain plan scoring logic" passed after 0.453 seconds.
✔ Test "One session file preserves ordered step IDs" passed after 0.453 seconds.
✔ Test "Build and test commands construct typed specs instead of using /usr/bin/env" passed after 0.453 seconds.
✔ Test "Maximum ambiguity threshold is 0.20" passed after 0.453 seconds.
✔ Test "Resolver throws on empty element list" passed after 0.453 seconds.
✔ Test "Workspace runner blocks unsupported arbitrary shell execution" passed after 0.454 seconds.
✔ Test "Host target selection carries ambiguity score" passed after 0.453 seconds.
✔ Test "Identical traces produce no divergences" passed after 0.453 seconds.
✔ Test "Minimum score threshold is 0.60" passed after 0.453 seconds.
✔ Test "Strategy evaluator triggers reevaluation at step threshold" passed after 0.453 seconds.
✔ Test "Runtime files do not bypass StateDiffEngine to set worldStateModel.current" passed after 0.453 seconds.
✔ Test "Length mismatch is reported as a divergence" passed after 0.453 seconds.
✔ Test "Failure classifier recognizes ambiguity from description" passed after 0.453 seconds.
✔ Test "Direct stable transition recording is sanitized to candidate knowledge" passed after 0.455 seconds.
✔ Test "Different post-state hashes produce a divergence" passed after 0.453 seconds.
✔ Test "ReplayTrace computes correct success rate" passed after 0.453 seconds.
✔ Test "Strategy evaluator does not thrash on every step" passed after 0.453 seconds.
✔ Test "Ambiguity score increases when candidates are close in score" passed after 0.453 seconds.
✔ Test "StrategyDiagnostics produces valid dictionary" passed after 0.453 seconds.
✔ Test "AgentLoop does not contain memory routing" passed after 0.453 seconds.
✔ Test "Strategy evaluator triggers reevaluation when no strategy is active" passed after 0.453 seconds.
✔ Test "DiagnosticsWriter can write strategy selection" passed after 0.453 seconds.
✔ Test "Strategy evaluator records and tracks current strategy" passed after 0.453 seconds.
✔ Test "Strategy evaluator triggers reevaluation on hard failure" passed after 0.453 seconds.
✔ Test "Protected backbone modules are present in the source tree" passed after 0.453 seconds.
✔ Test "Architecture rules document exists at repo root" passed after 0.453 seconds.
✔ Test "StrategyReevaluationCause has all expected cases" passed after 0.453 seconds.
✔ Test "Recovery planner handles element ambiguous failure" passed after 0.453 seconds.
✔ Test "Runtime does not instantiate secondary planners directly" passed after 0.453 seconds.
✔ Test "Episode residue is kept out of canonical project memory" passed after 0.454 seconds.
✔ Test "Replay validation influences confidence score" passed after 0.453 seconds.
✔ Test "ActionStats computes correct success rate" passed after 0.453 seconds.
✔ Test "Recovery-tagged transitions cannot be recorded as stable knowledge" passed after 0.454 seconds.
✔ Test "Recovery plans are sorted by probability descending" passed after 0.453 seconds.
✔ Test "RuntimeOrchestrator is the sole runtime planner owner" passed after 0.453 seconds.
✔ Test "Strategy evaluator increments step count" passed after 0.453 seconds.
✔ Test "buildStep produces a ReplayStep from a CriticVerdict" passed after 0.453 seconds.
✔ Test "Workflow confidence model scores based on success rate" passed after 0.453 seconds.
✔ Test "Workflow confidence isReliable uses threshold" passed after 0.453 seconds.
✔ Test "Recovery strategy only allows recovery + graphEdge families" passed after 0.453 seconds.
✔ Test "bestAction returns highest success rate action" passed after 0.453 seconds.
✔ Test "likelyActions returns actions sorted by success rate" passed after 0.453 seconds.
✔ Test "likelyActions returns empty for unknown state" passed after 0.453 seconds.
✔ Test "likelyActions includes actionName in stats" passed after 0.453 seconds.
✔ Test "Recording an action makes it retrievable" passed after 0.453 seconds.
✔ Test "ActionResult defaults executedThroughExecutor to false" passed after 0.453 seconds.
✔ Test "Trace segmenter produces segments from successful events" passed after 0.453 seconds.
✔ Test "Index evicts oldest entries when capacity exceeded" passed after 0.453 seconds.
✔ Test "Different elements produce different signatures" passed after 0.453 seconds.
✔ Test "Root cause analyzer produces ranked candidates" passed after 0.453 seconds.
✔ Test "Same elements produce same signature" passed after 0.453 seconds.
✔ Test "Prompt builder renders the required sections" passed after 0.453 seconds.
✔ Test "Empty trace has zero success rate" passed after 0.453 seconds.
✔ Test "StrategySelector selects recovery for modal conditions" passed after 0.453 seconds.
✔ Test "Workflow synthesizer produces candidates from mined patterns" passed after 0.453 seconds.
✔ Test snapshotIsCodable() passed after 0.453 seconds.
✔ Test "Runtime files import only Foundation" passed after 0.454 seconds.
✔ Test mutatingLiveModelDoesNotChangeSnapshot() passed after 0.453 seconds.
✔ Test "Recovery mode reevaluates after bounded steps" passed after 0.452 seconds.
✔ Test "Repeated segments require multiple distinct episodes" passed after 0.453 seconds.
✔ Test "Empty index returns nil for any state" passed after 0.452 seconds.
✔ Test "StrategySelector selects recovery for repeated failures" passed after 0.453 seconds.
✔ Test "AgentLoop must not contain plan scoring logic" passed after 0.453 seconds.
✔ Test "Root cause candidates include reasons" passed after 0.452 seconds.
✔ Test "Plans generated during recovery only use recovery operators" passed after 0.453 seconds.
✔ Test "Trace clusterer groups by action sequence shape" passed after 0.453 seconds.
✔ Test "Resolver uses ElementRanker pipeline" passed after 0.452 seconds.
✔ Test "Architecture engine emits cycle and boundary findings" passed after 0.452 seconds.
✔ Test "GraphSearchDiagnostics includes cycleDetections field with default of zero" passed after 0.452 seconds.
✔ Test "PathSearch cycle penalty reduces score for cyclic paths" passed after 0.452 seconds.
✔ Test "ProposalEngine requires non-optional strategy" passed after 0.454 seconds.
✔ Test "Zero best score produces maximum ambiguity" passed after 0.453 seconds.
✔ Test "Planner files do not spawn processes or write files" passed after 0.453 seconds.
✔ Test snapshotHoldsValueNotReference() passed after 0.453 seconds.
✔ Test "Planning files do not instantiate PlanGenerator or PlanEvaluator directly" passed after 0.453 seconds.
✔ Test "Planning files do not directly instantiate raw code-intelligence graphs" passed after 0.454 seconds.
✔ Test "Experiment knowledge tier does not promote directly to stable graph" passed after 0.452 seconds.
✔ Test "Legacy bypass surfaces are removed" passed after 0.454 seconds.
✔ Test "PathSearch detects cycles and reports cycleDetections in diagnostics" passed after 0.453 seconds.
✔ Test "Experiment results rank smaller passing patches ahead of larger ones" passed after 0.452 seconds.
✔ Test "DiagnosticsWriter pathSnapshot builds from ScoredPath with score breakdowns" passed after 0.452 seconds.
✔ Test "Execution memory biases target ranking after repeated success" passed after 0.452 seconds.
✔ Test "LedgerNavigator beamWidth limits the number of returned paths" passed after 0.452 seconds.
✔ Test "LedgerScorer ScoreBreakdown toDict contains all fields" passed after 0.452 seconds.
✔ Test "ActionStats with zero attempts returns zero rate" passed after 0.452 seconds.
✔ Test "Perfect outcome scores close to 1.0" passed after 0.452 seconds.
✔ Test "Legacy runtime bypass symbols remain absent" passed after 0.455 seconds.
✔ Test "DiagnosticsWriter writes task_graph.json" passed after 0.452 seconds.
✔ Test "Score is clamped between 0 and 1" passed after 0.452 seconds.
✔ Test "DiagnosticsWriter writes planner_paths.json" passed after 0.452 seconds.
✔ Test "Complete failure scores close to 0.0" passed after 0.452 seconds.
✔ Test "TaskLedgerStore exportJSON includes edge_success_rates and current_node" passed after 0.452 seconds.
✔ Test "Falls back to actionFailed for unrecognized errors" passed after 0.455 seconds.
✔ Test "Memory router combines project memory and fix patterns for code planning" passed after 0.456 seconds.
✔ Test "Explanation contains dimension names" passed after 0.455 seconds.
✔ Test "Classifies workflow replay failure" passed after 0.455 seconds.
✔ Test "Context boosts confidence for repeated failure class" passed after 0.456 seconds.
✔ Test "ExperimentResultRanker ranks succeeded results higher" passed after 0.455 seconds.
✔ Test "Classifies environment mismatch" passed after 0.455 seconds.
✔ Test "TypeCorrection applies to type mismatch errors" passed after 0.455 seconds.
✔ Test "Classifies unexpected dialog" passed after 0.455 seconds.
✔ Test "Patch strategy library returns applicable strategies" passed after 0.456 seconds.
✔ Test "WorkflowMatcher returns empty for no matching workflows" passed after 0.456 seconds.
✔ Test "NullGuard applies to nil-related errors" passed after 0.456 seconds.
✔ Test "Preferred paths boost root cause ranking" passed after 0.456 seconds.
✔ Test "selectBest returns highest-scored failure as last resort" passed after 0.455 seconds.
✔ Test "Classifies target missing from error description" passed after 0.455 seconds.
✔ Test "selectBest prefers successful result over failure" passed after 0.455 seconds.
✔ Test "Custom weights affect overall score" passed after 0.455 seconds.
✔ Test "Classifies ambiguous target" passed after 0.455 seconds.
✔ Test "Classifies wrong window focus" passed after 0.456 seconds.
✔ Test "selectBest falls back to partial success when no full success" passed after 0.455 seconds.
✔ Test "Preconditions met when element exists in state" passed after 0.455 seconds.
✔ Test "Non-code action kinds are classified correctly" passed after 0.455 seconds.
✔ Test "BoundaryFix applies to index-related errors" passed after 0.456 seconds.
✔ Test "selectBest prefers higher score among successes" passed after 0.456 seconds.
✔ Test "DependencyUpdate applies to module resolution errors" passed after 0.456 seconds.
✔ Test "ActionSchema toDict includes all fields" passed after 0.455 seconds.
✔ Test "Prompt engine caches repeated prompt builds" passed after 0.455 seconds.
✔ Test "selectBest breaks ties by lower latency" passed after 0.455 seconds.
✔ Test "Project memory drafts are indexed and retrieved by goal and module" passed after 0.456 seconds.
✔ Test "Run tests schema has correct kind" passed after 0.455 seconds.
✔ Test "Reducer source files avoid side-effect frameworks and APIs" passed after 0.456 seconds.
✔ Test "ConfigFix applies to configuration errors" passed after 0.455 seconds.
✔ Test "Type schema sets preconditions and postconditions" passed after 0.455 seconds.
✔ Test "Reducers produce deterministic snapshots for identical event streams" passed after 0.456 seconds.
✔ Test "ActionSchemaKind covers all expected cases" passed after 0.456 seconds.
✔ Test "App frontmost precondition matches correctly" passed after 0.456 seconds.
✔ Test "Preconditions not met when element missing from state" passed after 0.456 seconds.
✔ Test "Architecture engine flags test-only repair candidates" passed after 0.457 seconds.
✔ Test "LedgerNavigator default beamWidth is 4" passed after 0.456 seconds.
✔ Test "Re-applying identical events is replay-stable" passed after 0.456 seconds.
✔ Test "Workflow retriever uses execution and pattern memory to prefer the known fix path" passed after 0.457 seconds.
✔ Test "DiagnosticsWriter writes patch_experiments.json" passed after 0.455 seconds.
✔ Test "Workflow retriever uses project memory to prefer the safer workflow" passed after 0.457 seconds.
✔ Test "Recovery plans carry failure class context" passed after 0.455 seconds.
✔ Test "Classifies permission blocked" passed after 0.456 seconds.
✔ Test "Classification confidence is bounded" passed after 0.455 seconds.
✔ Test "Dismiss modal schema requires modal present" passed after 0.455 seconds.
✔ Test "Click schema sets correct kind and preconditions" passed after 0.456 seconds.
✔ Test "Change impact analyzer reports affected tests and build targets" passed after 0.456 seconds.
✔ Test "selectBest returns nil for empty results" passed after 0.455 seconds.
✔ Test "repoRepair strategy does not allow browser-targeted operators" passed after 0.455 seconds.
✔ Test "Strategy selector produces SelectedStrategy for modal conditions" passed after 0.455 seconds.
✔ Test "Schema with no preconditions always passes" passed after 0.456 seconds.
✔ Test "Repository indexer builds structural graphs and persists snapshot" passed after 0.456 seconds.
✔ Test "Code action kinds are classified correctly" passed after 0.455 seconds.
✔ Test "Workflow parameterizer requires at least two trace executions" passed after 0.455 seconds.
✔ Test "WorkflowParameterKind infers from raw value string" passed after 0.455 seconds.
✔ Test "OperatorFamily has all expected cases" passed after 0.455 seconds.
✔ Test "SelectedStrategy allows checks work correctly" passed after 0.455 seconds.
✔ Test "Strategy selector produces directExecution for OS agent with no special conditions" passed after 0.455 seconds.
✔ Test "Open application schema expects app frontmost" passed after 0.455 seconds.
✔ Test "Strategy selector returns recovery for repeated failures" passed after 0.455 seconds.
✔ Test "Workflow parameterizer extracts parameters from multiple segments" passed after 0.455 seconds.
✔ Test "ReasoningParser filters operators that fail preconditions" passed after 0.455 seconds.
✔ Test "PlanScore computes total correctly with all components" passed after 0.455 seconds.
✔ Test "LedgerScorer scoreEdgeWithBreakdown returns memory_bias contribution" passed after 0.455 seconds.
✔ Test "Selected strategy has non-empty rationale" passed after 0.455 seconds.
✔ Test "Build project schema has correct kind" passed after 0.455 seconds.
✔ Test "Classifies patch failure" passed after 0.455 seconds.
✔ Test "recoveryMode strategy has bounded operator families" passed after 0.455 seconds.
✔ Test "ReasoningParser converts parsed plans to plan candidates" passed after 0.455 seconds.
✔ Test "Detection with negative confidence produces violation" passed after 0.455 seconds.
✔ Test "LLM model tier has all expected cases" passed after 0.455 seconds.
✔ Test "CodePlanner attaches workflow prompt diagnostics when workflow reuse wins" passed after 0.458 seconds.
✔ Test "LLM client throws when no provider configured" passed after 0.455 seconds.
✔ Test "All default recovery strategies have non-empty descriptions" passed after 0.455 seconds.
✔ Test "StrategyKind has all expected cases" passed after 0.455 seconds.
✔ Test "VisionDetection encodes and decodes correctly" passed after 0.455 seconds.
✔ Test "Detection with zero-size frame produces violation" passed after 0.455 seconds.
✔ Test "Added elements detected" passed after 0.455 seconds.
✔ Test "Strategy selector produces repoRepair for failing tests with repo" passed after 0.456 seconds.
✔ Test "Stale frame produces violation" passed after 0.455 seconds.
✔ Test "Focus change detected" passed after 0.455 seconds.
✔ Test "Failure classifier produces consistent classification" passed after 0.455 seconds.
✔ Test "Window title change detected" passed after 0.455 seconds.
✔ Test "WorkflowParameter captures all parameter kinds" passed after 0.455 seconds.
✔ Test "Changed element enabled state detected" passed after 0.455 seconds.
✔ Test "StrategyLibrary maps all strategy kinds to operator families" passed after 0.456 seconds.
✔ Test "Application name change detected" passed after 0.455 seconds.
✔ Test "Finds targets of a test" passed after 0.455 seconds.
✔ Test "Multiple changes tracked in single delta" passed after 0.455 seconds.
✔ Test "URL change detected" passed after 0.455 seconds.
✔ Test "Call neighborhood expands outward" passed after 0.455 seconds.
✔ Test "Identical observations produce empty delta" passed after 0.455 seconds.
✔ Test "Unchanged elements not included in delta" passed after 0.455 seconds.
✔ Test "Changed element label detected" passed after 0.455 seconds.
✔ Test "Finds symbols in file" passed after 0.455 seconds.
✔ Test "Removed elements detected" passed after 0.455 seconds.
✔ Test "Finds build targets containing a file" passed after 0.455 seconds.
✔ Test "Finds callers of a symbol" passed after 0.455 seconds.
✔ Test "Finds symbols by name" passed after 0.455 seconds.
✔ Test "Empty detections produce violation" passed after 0.455 seconds.
✔ Test "Changed element value detected" passed after 0.455 seconds.
✔ Test "browserInteraction strategy does not allow repo-analysis operators" passed after 0.455 seconds.
✔ Test "Finds tests covering a file" passed after 0.455 seconds.
✔ Test "Trace failure excludes test files from results" passed after 0.455 seconds.
✔ Test "Trace failure from test to source candidates" passed after 0.455 seconds.
✔ Test "WorkflowMatcher requires strategy argument (non-optional)" passed after 0.455 seconds.
✔ Test "Low overall confidence produces violation" passed after 0.455 seconds.
✔ Test "Recovery planner generates plans for wrong focus" passed after 0.455 seconds.
✔ Test "Finds tests covering a symbol" passed after 0.455 seconds.
✔ Test "WorkflowRetriever requires strategy argument (non-optional)" passed after 0.455 seconds.
✔ Test "Memory influence provides preferred recovery strategy" passed after 0.455 seconds.
✔ Test "PlanSourceType includes llm and recovery cases" passed after 0.455 seconds.
✔ Test "Finds symbol by ID" passed after 0.455 seconds.
✔ Test "Memory influence risk penalty is non-negative" passed after 0.455 seconds.
✔ Test "Impact analysis returns affected tests and targets" passed after 0.455 seconds.
✔ Test "Detection with empty elementType produces violation" passed after 0.456 seconds.
✔ Test "WorkflowMatcher filters workflows outside strategy scope" passed after 0.455 seconds.
✔ Test "LLM target resolver returns empty without provider" passed after 0.455 seconds.
✔ Test "Finds direct dependencies of a file" passed after 0.456 seconds.
✔ Test "LLM repair advisor uses LLM when provider is available" passed after 0.455 seconds.
✔ Test "Recovery planner generates plans for modal blocking" passed after 0.455 seconds.
✔ Test "Workflow plan beats exploration when valid workflow exists" passed after 0.455 seconds.
✔ Test "Memory bias changes plan ordering in evaluator" passed after 0.456 seconds.
✔ Test commitReturnsReceiptAndRunsReducers() passed after 0.455 seconds.
✔ Test "Recovery planner returns empty for unsupported failure classes" passed after 0.456 seconds.
✔ Test "LLM recovery advisor returns default strategies without provider" passed after 0.455 seconds.
✔ Test "MemoryInfluence.empty provides default values" passed after 0.455 seconds.
✔ Test "Stable graph plan beats candidate graph plan" passed after 0.456 seconds.
✔ Test emptyCommitThrows() passed after 0.455 seconds.
✔ Test "LLM recovery advisor returns memory-preferred strategy first" passed after 0.455 seconds.
✔ Test "Finds dependents (reverse dependencies) of a file" passed after 0.456 seconds.
✔ Test "LLM recovery advisor uses LLM when provider is available" passed after 0.455 seconds.
✔ Test "Finds callees of a symbol" passed after 0.456 seconds.
✔ Test "ReasoningParser handles empty or malformed input" passed after 0.455 seconds.
✔ Test "Patch ranking signals compute composite score" passed after 0.455 seconds.
✔ Test "LLM target resolver parses candidates from LLM response" passed after 0.456 seconds.
✔ Test "Recovery operators are available in the operator registry" passed after 0.455 seconds.
✔ Test "Recovery planner generates plans for patch failure" passed after 0.455 seconds.
✔ Test "Pattern similarity computes Jaccard-based score" passed after 0.455 seconds.
✔ Test "Plan candidate computes estimated cost from operators" passed after 0.455 seconds.
✔ Test "LLM recovery advisor handles different failure classes" passed after 0.456 seconds.
✔ Test "Task family similarity matches on shared goal tokens" passed after 0.455 seconds.
✔ Test "Workflow confidence model reliability check" passed after 0.455 seconds.
✔ Test "Plan candidate computes average risk score from operators" passed after 0.455 seconds.
✔ Test "Memory decision bias aggregates component scores" passed after 0.455 seconds.
✔ Test "Zero memory bias has zero total" passed after 0.455 seconds.
✔ Test "ReasoningParser parses plan blocks from structured text" passed after 0.455 seconds.
✔ Test "Trace clusterer groups similar traces" passed after 0.455 seconds.
✔ Test "Trace compressor groups events into patterns" passed after 0.455 seconds.
✔ Test "Valid frame passes validation" passed after 0.455 seconds.
✔ Test "Browser target score computes weighted total" passed after 0.455 seconds.
✔ Test "Pattern similarity score is bounded between 0 and 1" passed after 0.455 seconds.
✔ Test "Page element index provides enriched elements" passed after 0.455 seconds.
✔ Test "Workflow confidence model scores promoted workflows higher" passed after 0.455 seconds.
✔ Test "One-off traces do not get promoted to workflows" passed after 0.455 seconds.
✔ Test "Graph edges with low success rate do not promote" passed after 0.455 seconds.
✔ Test "Recovery planner generates plans for modal blocking" passed after 0.455 seconds.
✔ Test "Compressed state filters interactable elements correctly" passed after 0.455 seconds.
✔ Test "Low-confidence code tasks escalate to experiments" passed after 0.456 seconds.
✔ Test "Candidate patch supports strategy kind field" passed after 0.455 seconds.
✔ Test "Failure penalty reduces total bias" passed after 0.456 seconds.
✔ Test "Deduplicates elements with same kind and label" passed after 0.455 seconds.
✔ Test "LLM repair advisor falls back to deterministic strategies without provider" passed after 0.456 seconds.
✔ Test "LLM client tracks diagnostics" passed after 0.455 seconds.
✔ Test "Maps AXGroup role to container kind" passed after 0.455 seconds.
✔ Test "Workflow confidence model penalizes low replay validation" passed after 0.455 seconds.
✔ Test "Memory decay policy reduces stale patterns" passed after 0.455 seconds.
✔ Test "Patch strategy library covers all strategy kinds" passed after 0.455 seconds.
✔ Test "Recovery operator kinds map to valid operator registry entries" passed after 0.455 seconds.
✔ Test "Graph edges with enough attempts and high success can promote" passed after 0.455 seconds.
✔ Test "Pattern similarity handles disjoint sequences" passed after 0.455 seconds.
✔ Test "Recovery planner generates plans for wrong focus" passed after 0.455 seconds.
✔ Test "Trace compressor computes success rate" passed after 0.455 seconds.
✔ Test "Classifies element without label falls back to role" passed after 0.455 seconds.
✔ Test "New failure classes exist" passed after 0.455 seconds.
✔ Test "Maps AXDialog role to dialog kind" passed after 0.455 seconds.
✔ Test "System dashboard records and snapshots events" passed after 0.455 seconds.
✔ Test "Workflows require repeated validated success for promotion" passed after 0.455 seconds.
✔ Test "Workflows require distinct episodes for promotion" passed after 0.455 seconds.
✔ Test "Sparse evidence does not promote workflows" passed after 0.455 seconds.
✔ Test "Maps AXButton role to button kind" passed after 0.455 seconds.
✔ Test "Maps AXTextField role to input kind" passed after 0.455 seconds.
✔ Test "LLM client retries on failure" passed after 0.455 seconds.
✔ Test "Graph edges require multiple observations before promotion" passed after 0.455 seconds.
✔ Test "Plan candidate with simulated outcome inherits success probability" passed after 0.455 seconds.
✔ Test "SemanticElement toDict round-trips key fields" passed after 0.455 seconds.
✔ Test "Maps AXLink role to link kind" passed after 0.455 seconds.
✔ Test "Workflow confidence model penalizes high drift rate" passed after 0.455 seconds.
✔ Test "Planner decision hierarchy prefers workflow over exploration" passed after 0.455 seconds.
✔ Test "Workflows with sufficient evidence can promote" passed after 0.455 seconds.
✔ Test "Classifies element with label" passed after 0.455 seconds.
✔ Test "MemoryDecisionBias produces different scores for different strategies" passed after 0.455 seconds.
✔ Test "Patch strategy library returns applicable strategies" passed after 0.455 seconds.
✔ Test "MemoryDecisionBias requires strategy (non-optional)" passed after 0.455 seconds.
✔ Test "validActions returns empty for state with no edges" passed after 0.455 seconds.
✔ Test "Maps nil role to unknown kind" passed after 0.455 seconds.
✔ Test "recordOutcome by state updates existing edge" passed after 0.455 seconds.
✔ Test "Recording success increases success rate" passed after 0.455 seconds.
✔ Test "addEdge increases edge count" passed after 0.454 seconds.
✔ Test "validActions are sorted by edge score" passed after 0.454 seconds.
✔ Test "Compress produces CompressedUIState from observation" passed after 0.455 seconds.
✔ Test "New edge has default score of 0.5" passed after 0.454 seconds.
✔ Test "recordOutcome by state creates new edge when none exists" passed after 0.454 seconds.
✔ Test "bestEdge returns highest scoring edge" passed after 0.455 seconds.
✔ Test "Recording failure decreases success rate" passed after 0.454 seconds.
✔ Test "allStates includes both source and destination states" passed after 0.454 seconds.
✔ Test "validActions returns schemas for edges from a state" passed after 0.454 seconds.
✔ Test "recordOutcome by state ignores invalid raw values" passed after 0.454 seconds.
✔ Test "bestEdge returns nil for unknown state" passed after 0.454 seconds.
✔ Test "candidateEdges returns edges sorted by score" passed after 0.454 seconds.
✔ Test "pruneWeakEdges removes low-success edges" passed after 0.454 seconds.
✔ Test "recordOutcome updates existing edge stats" passed after 0.454 seconds.
✔ Test "Critic returns unknown when no schema and no state change" passed after 0.453 seconds.
✔ Test "Critic returns failure when postconditions not met" passed after 0.453 seconds.
✔ Test "Critic returns failure when action reports failure" passed after 0.453 seconds.
✔ Test "CriticOutcome covers all expected cases" passed after 0.453 seconds.
✔ Test "Critic returns success when postconditions met" passed after 0.453 seconds.
✔ Test "State fingerprint stable for same elements" passed after 0.453 seconds.
✔ Test "Critic returns success when no schema but state changed" passed after 0.453 seconds.
✔ Test "CriticVerdict toDict includes all fields" passed after 0.453 seconds.
✔ Test "Critic returns failure when action blocked by policy" passed after 0.453 seconds.
✔ Test "Critic returns partial success when some conditions met" passed after 0.453 seconds.
✔ Test "State fingerprint changes when elements change" passed after 0.453 seconds.
✔ Test "Browser action adapter produces runtime-safe intents" passed after 0.453 seconds.
✔ Test "DOM flattener assigns stable element indexes" passed after 0.453 seconds.
✔ Test "Browser target resolver returns a clear candidate" passed after 0.453 seconds.
✔ Test "ActionResult preserves executedThroughExecutor when set true" passed after 0.453 seconds.
✔ Test "ActionResult toDict includes executed_through_executor" passed after 0.453 seconds.
✔ Test "ActionResult from(dict:) defaults flag to false when absent" passed after 0.453 seconds.
✔ Test "ActionResult from(dict:) reads executed_through_executor" passed after 0.453 seconds.
✔ Test "ActionResult defaults executedThroughExecutor to false" passed after 0.453 seconds.
✔ Test "ActionResult round-trips executedThroughExecutor through Codable" passed after 0.453 seconds.
✔ Test "Code planner uses repository intelligence to narrow experiment candidates" passed after 0.460 seconds.
✔ Test "Permission dialog storm benchmark recovers from sequential modals" passed after 0.469 seconds.
✔ Test "Reasoning engine generates bounded candidate plans" passed after 0.451 seconds.
✔ Test "Save-before-close storm benchmark handles save confirmations" passed after 0.469 seconds.
✔ Test "Apply patch operator uses preferred fix path when available" passed after 0.450 seconds.
✔ Test "Browser target resolver fails closed on ambiguity" passed after 0.453 seconds.
✔ Test "CodePlanner escalates uncertain repair into experiments" passed after 0.461 seconds.
✔ Test "CodePlanner keeps direct repair when confidence is high" passed after 0.462 seconds.
✔ Test "type returns false when bridge unavailable" passed after 0.469 seconds.
✔ Test "Wrong file patch benchmark recovers from misapplied patch" passed after 0.469 seconds.
✔ Test "Test regression patch benchmark recovers from test regressions" passed after 0.470 seconds.
✔ Test "Build break patch benchmark recovers from broken build" passed after 0.469 seconds.
✔ Test "Update notification storm benchmark dismisses cascading dialogs" passed after 0.469 seconds.
✔ Test "Recovery planning benchmark handles modal failure" passed after 0.469 seconds.
✔ Test "Workflow reuse benchmark detects workflow replay" passed after 0.469 seconds.
✔ Test "BrowserBridge isAvailable returns false when CDP not running" passed after 0.469 seconds.
✔ Test "click returns false when bridge unavailable" passed after 0.469 seconds.
✔ Test "Multi-step planning benchmark generates bounded plans" passed after 0.469 seconds.
✔ Test "Duplicate action names are deduplicated across sources" passed after 0.468 seconds.
✔ Test "querySelector returns nil when bridge unavailable" passed after 0.468 seconds.
✔ Test "LLM candidates are last and fill gaps only" passed after 0.468 seconds.
✔ Test "Memory candidates appear before graph candidates" passed after 0.468 seconds.
✔ Test "Empty state produces no candidates without LLM" passed after 0.468 seconds.
✔ Test "getText returns nil when bridge unavailable" passed after 0.469 seconds.
✔ Test "maxCandidates caps the output" passed after 0.467 seconds.
✔ Test "Search returns best successful candidate" passed after 0.463 seconds.
✔ Test "Search early-exits on successful memory candidate" passed after 0.463 seconds.
✔ Test "Search evaluates all candidates when memory fails" passed after 0.463 seconds.
✔ Test "Search returns nil when no candidates exist" passed after 0.463 seconds.
✔ Test "Recovery selector prefers remembered successful strategy" passed after 0.463 seconds.
✔ Test "Recovery engine attaches prompt diagnostics to recovery attempts" passed after 0.462 seconds.
✔ Test "Plan simulator prefers dismissing a modal before clicking through it" passed after 0.451 seconds.
✔ Test "Planner preserves workflow fallback when trusted workflow exists" passed after 0.452 seconds.
✔ Test "Planner uses reasoning to dismiss modal before exploration" passed after 0.451 seconds.
✔ Suite "Planner Boundary" passed after 0.473 seconds.
✔ Suite "Diagnostics — MetricsRecorder" passed after 0.473 seconds.
✔ Suite "WorkspaceRunner Command Policy" passed after 0.473 seconds.
✔ Suite "Strategy-Scoped Plan Filtering" passed after 0.473 seconds.
✔ Suite "World Model" passed after 0.473 seconds.
✔ Suite "Workflow Synthesis" passed after 0.473 seconds.
✔ Suite ControllerSharedTests passed after 0.474 seconds.
✔ Suite ReducerTests passed after 0.474 seconds.
✔ Suite "Memory Boundary" passed after 0.474 seconds.
✔ Suite "WorldModel State Wiring" passed after 0.473 seconds.
✔ Suite "Browser Target Resolver" passed after 0.473 seconds.
✔ Suite "Strategy Layer" passed after 0.473 seconds.
✔ Suite "Search — CandidateResult" passed after 0.474 seconds.
✔ Suite "TraceCompression" passed after 0.474 seconds.
✔ Suite "Workflow Memory Influence" passed after 0.474 seconds.
✔ Suite "Plan Evaluator" passed after 0.474 seconds.
✔ Suite "PatchPipeline" passed after 0.474 seconds.
✔ Suite "TaskLedger Substrate" passed after 0.474 seconds.
✔ Suite "No Bypass Execution" passed after 0.474 seconds.
✔ Suite "Patch Experiment Runner" passed after 0.474 seconds.
✔ Suite "Recipe Compatibility" passed after 0.474 seconds.
✔ Suite "Target Resolution" passed after 0.474 seconds.
✔ Suite "Search — Candidate" passed after 0.474 seconds.
✔ Suite "Experiment Limits" passed after 0.474 seconds.
✔ Suite "Governance Enforcement" passed after 0.474 seconds.
✔ Suite "Recovery Planner" passed after 0.474 seconds.
✔ Suite "Code Intelligence Boundary" passed after 0.474 seconds.
✔ Suite "Strategy-Scoped LLM Plan Generation" passed after 0.474 seconds.
✔ Suite "Strategy Diagnostics" passed after 0.474 seconds.
✔ Suite "Agent Loop Boundary" passed after 0.474 seconds.
✔ Suite "Runtime Integrity" passed after 0.474 seconds.
✔ Suite "Trace Store" passed after 0.474 seconds.
✔ Suite "Execution Spine" passed after 0.474 seconds.
✔ Suite "Host Target Resolver" passed after 0.474 seconds.
✔ Suite "Trace Replay Engine" passed after 0.474 seconds.
✔ Suite "Strategy Persistence" passed after 0.474 seconds.
✔ Suite "Architecture Freeze" passed after 0.474 seconds.
✔ Suite "Ambiguous Target Recovery" passed after 0.474 seconds.
✔ Suite "Workflow Confidence" passed after 0.474 seconds.
✔ Suite "State Memory Index" passed after 0.474 seconds.
✔ Suite "Recovery Mode as Strategy" passed after 0.474 seconds.
✔ Suite "Workflow Discovery" passed after 0.474 seconds.
✔ Suite "Root Cause Ranking" passed after 0.474 seconds.
✔ Suite "Prompt Engine" passed after 0.474 seconds.
✔ Suite StateSnapshotTests passed after 0.474 seconds.
✔ Suite "PathSearch Cycle Control" passed after 0.474 seconds.
✔ Suite "Upgrade Phase Integration" passed after 0.474 seconds.
✔ Suite "Experiment Evaluator" passed after 0.474 seconds.
✔ Suite "Failure Classifier" passed after 0.474 seconds.
✔ Suite "Patch Target Selection" passed after 0.475 seconds.
✔ Suite "Search — ResultSelector" passed after 0.474 seconds.
✔ Suite "Action Schema" passed after 0.474 seconds.
✔ Suite "Reducer Purity" passed after 0.474 seconds.
✔ Suite "Verified Recovery Path" passed after 0.474 seconds.
✔ Suite "Strategy Selection" passed after 0.474 seconds.
✔ Suite "Workflow Parameterization" passed after 0.474 seconds.
✔ Suite "Proposal Engine and LLM Integration" passed after 0.475 seconds.
✔ Suite "Vision Perception Contract" passed after 0.475 seconds.
✔ Suite "Observation Change Detector" passed after 0.475 seconds.
✔ Suite "Program Knowledge Graph" passed after 0.475 seconds.
✔ Suite "Strategy-Scoped Workflow Filtering" passed after 0.475 seconds.
✔ Suite "Recovery Memory Influence" passed after 0.475 seconds.
✔ Suite "LLM Advisors" passed after 0.475 seconds.
✔ Suite "Planner Plan Selection" passed after 0.475 seconds.
✔ Suite CommitCoordinatorTests passed after 0.475 seconds.
✔ Suite "System Intelligence Upgrades" passed after 0.475 seconds.
✔ Suite "Memory Decision Bias" passed after 0.475 seconds.
✔ Suite "Knowledge Promotion" passed after 0.475 seconds.
✔ Suite "State Abstraction Engine" passed after 0.475 seconds.
✔ Suite "Strategy-Scoped Memory Bias" passed after 0.475 seconds.
✔ Suite "Planning Graph Engine" passed after 0.475 seconds.
✔ Suite "Critic Loop" passed after 0.475 seconds.
✔ Suite "Browser Automation" passed after 0.475 seconds.
✔ Suite "Execution Enforcement" passed after 0.475 seconds.
✔ Suite "Dialog Storm Tasks" passed after 0.476 seconds.
✔ Suite "Reasoning Engine" passed after 0.475 seconds.
✔ Suite "Browser Bridge" passed after 0.476 seconds.
✔ Suite "Patch Failure Tasks" passed after 0.476 seconds.
✔ Suite "Upgrade Benchmarks" passed after 0.476 seconds.
✔ Suite "Search — CandidateGenerator" passed after 0.476 seconds.
✔ Suite "Search — SearchController" passed after 0.476 seconds.
✔ Test "Project memory query exposes typed planning records" passed after 0.467 seconds.
✔ Test "Known-good patterns can narrow an ambiguous repair back to direct execution" passed after 0.469 seconds.
✔ Test "Rejected approaches bias CodePlanner toward experiments" passed after 0.479 seconds.
✔ Test "Root cause analyzer ranks source file above tests and unrelated files" passed after 0.495 seconds.
✔ Test "Code query engine traces a failing test back to likely source" passed after 0.520 seconds.
✔ Test "Runtime diagnostics builder surfaces persisted repository indexes" passed after 0.538 seconds.
✔ Test "Planner normalizes legacy 'unknown' app to nil" passed after 0.699 seconds.
✔ Test "Planner normalizes empty action-intent app to nil" passed after 0.699 seconds.
✔ Test "UnifiedElement codable round trip" passed after 0.708 seconds.
✔ Test "ActionResult encodes verification and elapsed time" passed after 0.708 seconds.
✔ Test "Planning state abstraction is stable across small observation drift" passed after 0.708 seconds.
✔ Test "Trace event codable round trip" passed after 0.708 seconds.
✔ Test kernelBootstrapReturnsCompleteKernel() passed after 0.705 seconds.
✔ Test "TraceEvent compatibility initializer still works" passed after 0.708 seconds.
✔ Test "Candidate graph accumulates repeated verified transitions" passed after 0.708 seconds.
✔ Test "Action verifier checks focus and value" passed after 0.707 seconds.
✔ Test "Recipe with valid constraints passes validation" passed after 0.707 seconds.
✔ Test "Recipe with negative retries fails validation" passed after 0.706 seconds.
✔ Test "Action verifier matches query-based focus, app, window, and URL" passed after 0.707 seconds.
✔ Test "Recipe with unknown postcondition kind fails validation" passed after 0.707 seconds.
✔ Test "Legacy trace payloads still decode" passed after 0.708 seconds.
✔ Test "Bundled recipes still decode with extended schema" passed after 0.706 seconds.
✔ Test "Policy blocks terminal interaction by default" passed after 0.706 seconds.
✔ Test "Recipe with valid postconditions passes validation" passed after 0.706 seconds.
✔ Test "Recipe with negative duration fails validation" passed after 0.706 seconds.
✔ Test "Observation hash is stable" passed after 0.707 seconds.
✔ Test "Observation fusion prefers stronger sources and preserves confidence" passed after 0.709 seconds.
✔ Test "Policy requires approval for send actions in browser contexts" passed after 0.707 seconds.
✔ Test "Approval receipts are single use" passed after 0.707 seconds.
✔ Test stateSnapshotIsImmutableValue() passed after 0.707 seconds.
✔ Test "Legacy validate() returns Bool for valid recipe" passed after 0.708 seconds.
✔ Test "ToolResult missing action_result key is detectable as bypass" passed after 0.705 seconds.
✔ Test "ActionResult with executedThroughExecutor=false fails boundary contract" passed after 0.705 seconds.
✔ Test snapshotStoreTracksSnapshots() passed after 0.707 seconds.
✔ Test "Recipe with empty postcondition kind fails validation" passed after 0.707 seconds.
✔ Test "GraphStore persists eligible stable edges and action contracts" passed after 0.703 seconds.
✔ Test "ActionResult can carry executedThroughExecutor stamp" passed after 0.705 seconds.
✔ Test "Planner reuses candidate graph edge before exploration" passed after 0.703 seconds.
✔ Test "GraphStore records failures without promoting edge" passed after 0.703 seconds.
✔ Test "Policy allows low-risk focus in confirm-risky mode" passed after 0.707 seconds.
✔ Test "Promotion freezes when global verified success rate is too low" passed after 0.703 seconds.
✔ Test "ActionResult with executedThroughExecutor=true passes boundary contract" passed after 0.705 seconds.
✔ Test "Planner prefers workflow retrieval before stable graph reuse" passed after 0.703 seconds.
✔ Test "Workflow promotion policy rejects experiment and recovery evidence" passed after 0.703 seconds.
✔ Test "Stable edges demote after repeated failures" passed after 0.703 seconds.
✔ Test "Exploration decisions carry explicit fallback reasons" passed after 0.703 seconds.
✔ Test "AgentLoop idles without submitting when intake is empty" passed after 0.703 seconds.
✔ Test "ActionResult executed_through_executor absent in dict defaults to false" passed after 0.705 seconds.
✔ Test "Planning-failure responses are marked as non-executed" passed after 0.702 seconds.
✔ Test "Build with DOM ID uses exact match" passed after 0.700 seconds.
✔ Test "ActionResult executed_through_executor round-trips through toDict" passed after 0.704 seconds.
✔ Test "Build with query and role" passed after 0.700 seconds.
✔ Test "ToolResult with stamped action_result passes detection" passed after 0.705 seconds.
✔ Test "fromQuery convenience" passed after 0.700 seconds.
✔ Test "DOM ID takes priority over query" passed after 0.700 seconds.
✔ Test "Graph planner returns multi-step stable path before exploration" passed after 0.703 seconds.
✔ Test "Build with query sets computedNameContains" passed after 0.701 seconds.
✔ Test "No mismatch when expectations are empty" passed after 0.699 seconds.
✔ Test "Mismatch when expected element is absent" passed after 0.698 seconds.
✔ Test "Mismatch when window title does not match" passed after 0.698 seconds.
✔ Test "No mismatch when all expected elements present" passed after 0.698 seconds.
✔ Test "RuntimeExecutionDriver emits structured action_result payload" passed after 0.702 seconds.
✔ Test "Reconciliation consistent when all postconditions pass" passed after 0.698 seconds.
✔ Test "ClickSkill fails on ambiguous targets instead of picking first element" passed after 0.702 seconds.
✔ Test "Mismatch when URL does not match" passed after 0.698 seconds.
✔ Test "Reconciliation reports passed and failed checks" passed after 0.698 seconds.
✔ Suite "Safe Runtime" passed after 0.712 seconds.
✔ Suite "Core Contracts" passed after 0.713 seconds.
✔ Test "No mismatch when app matches" passed after 0.699 seconds.
✔ Suite "Execution Kernel Boundary" passed after 0.712 seconds.
✔ Suite "Recipe Schema Validation" passed after 0.713 seconds.
✔ Test "Mismatch when expected app differs" passed after 0.698 seconds.
✔ Suite "RuntimeExecutionDriver Boundary" passed after 0.712 seconds.
✔ Test "AgentLoop keeps delegating through orchestrator even when responses fail" passed after 0.702 seconds.
✔ Test "AgentLoop submits exactly one intent through orchestrator" passed after 0.702 seconds.
✔ Suite "Environment Monitor" passed after 0.712 seconds.
✔ Suite "LocatorBuilder Tests" passed after 0.712 seconds.
✔ Suite "Graph Aware Loop" passed after 0.712 seconds.
✔ Test commitCoordinatorHasReducers() passed after 0.707 seconds.
✔ Suite RuntimeKernelBootstrapTests passed after 0.713 seconds.
✔ Test "Repository indexer reuses persisted snapshot until repository changes" passed after 0.808 seconds.
✔ Suite "Code Intelligence" passed after 0.819 seconds.
✔ Test "Experiment manager isolates candidate worktrees and keeps main workspace unchanged" passed after 5.782 seconds.
✔ Test "Experiment manager prefers structurally safer passing patch" passed after 5.850 seconds.
✔ Suite "Digital Engineer Layer" passed after 5.859 seconds.
✔ Test run with 638 tests in 92 suites passed after 5.861 seconds.
